Sep 16 12:01:31 ip-172-31-47-213 kernel: Command line: BOOT_IMAGE=(hd0,gpt1)/boot/vmlinuz-6.1.147-172.266.amzn2023.x86_64 root=UUID=62c90582-6d8a-4bf0-92e8-95e89689ef33 ro console=tty0 console=ttyS0,115200n8 nvme_core.io_timeout=4294967295 rd.emergency=poweroff rd.shell=0 selinux=1 security=selinux quiet
Sep 16 12:01:31 ip-172-31-47-213 kernel: KASLR enabled
Sep 16 12:01:31 ip-172-31-47-213 kernel: BIOS-provided physical RAM map:
Sep 16 12:01:31 ip-172-31-47-213 kernel: BIOS-e820: [mem 0x0000000000000000-0x000000000009ffff] usable
Sep 16 12:01:31 ip-172-31-47-213 kernel: BIOS-e820: [mem 0x0000000000100000-0x00000000390cdfff] usable
Sep 16 12:01:31 ip-172-31-47-213 kernel: BIOS-e820: [mem 0x00000000390ce000-0x000000003934dfff] reserved
Sep 16 12:01:31 ip-172-31-47-213 kernel: BIOS-e820: [mem 0x000000003934e000-0x000000003935dfff] ACPI data
Sep 16 12:01:31 ip-172-31-47-213 kernel: BIOS-e820: [mem 0x000000003935e000-0x00000000393ddfff] ACPI NVS
Sep 16 12:01:31 ip-172-31-47-213 kernel: BIOS-e820: [mem 0x00000000393de000-0x000000003d37bfff] usable
Sep 16 12:01:31 ip-172-31-47-213 kernel: BIOS-e820: [mem 0x000000003d37c000-0x000000003d3fffff] reserved
Sep 16 12:01:31 ip-172-31-47-213 kernel: NX (Execute Disable) protection: active
Sep 16 12:01:31 ip-172-31-47-213 kernel: extended physical RAM map:
Sep 16 12:01:31 ip-172-31-47-213 kernel: reserve setup_data: [mem 0x0000000000000000-0x000000000009ffff] usable
Sep 16 12:01:31 ip-172-31-47-213 kernel: reserve setup_data: [mem 0x0000000000100000-0x00000000372be017] usable
Sep 16 12:01:31 ip-172-31-47-213 kernel: reserve setup_data: [mem 0x00000000372be018-0x00000000372c6e57] usable
Sep 16 12:01:31 ip-172-31-47-213 kernel: reserve setup_data: [mem 0x00000000372c6e58-0x00000000390cdfff] usable
Sep 16 12:01:31 ip-172-31-47-213 kernel: reserve setup_data: [mem 0x00000000390ce000-0x000000003934dfff] reserved
Sep 16 12:01:31 ip-172-31-47-213 kernel: reserve setup_data: [mem 0x000000003934e000-0x000000003935dfff] ACPI data
Sep 16 12:01:31 ip-172-31-47-213 kernel: reserve setup_data: [mem 0x000000003935e000-0x00000000393ddfff] ACPI NVS
Sep 16 12:01:31 ip-172-31-47-213 kernel: reserve setup_data: [mem 0x00000000393de000-0x000000003d37bfff] usable
Sep 16 12:01:31 ip-172-31-47-213 kernel: reserve setup_data: [mem 0x000000003d37c000-0x000000003d3fffff] reserved
Sep 16 12:01:31 ip-172-31-47-213 kernel: efi: EFI v2.70 by EDK II
Sep 16 12:01:31 ip-172-31-47-213 kernel: efi: SMBIOS=0x3926a000 ACPI=0x3935d000 ACPI 2.0=0x3935d014 MEMATTR=0x37a3ca98 
Sep 16 12:01:31 ip-172-31-47-213 kernel: SMBIOS 2.7 present.
Sep 16 12:01:31 ip-172-31-47-213 kernel: DMI: Amazon EC2 t3.micro/, BIOS 1.0 10/16/2017
Sep 16 12:01:31 ip-172-31-47-213 kernel: Hypervisor detected: KVM
Sep 16 12:01:31 ip-172-31-47-213 kernel: kvm-clock: Using msrs 4b564d01 and 4b564d00
Sep 16 12:01:31 ip-172-31-47-213 kernel: kvm-clock: using sched offset of 1771491362 cycles
Sep 16 12:01:31 ip-172-31-47-213 kernel: clocksource: kvm-clock: mask: 0xffffffffffffffff max_cycles: 0x1cd42e4dffb, max_idle_ns: 881590591483 ns
Sep 16 12:01:31 ip-172-31-47-213 kernel: tsc: Detected 2499.996 MHz processor
Sep 16 12:01:31 ip-172-31-47-213 kernel: last_pfn = 0x3d37c max_arch_pfn = 0x400000000
Sep 16 12:01:31 ip-172-31-47-213 kernel: x86/PAT: Configuration [0-7]: WB  WC  UC- UC  WB  WP  UC- WT  
Sep 16 12:01:31 ip-172-31-47-213 kernel: Using GB pages for direct mapping
Sep 16 12:01:31 ip-172-31-47-213 kernel: Secure boot disabled
Sep 16 12:01:31 ip-172-31-47-213 kernel: RAMDISK: [mem 0x330e5000-0x34092fff]
Sep 16 12:01:31 ip-172-31-47-213 kernel: ACPI: Early table checksum verification disabled
Sep 16 12:01:31 ip-172-31-47-213 kernel: ACPI: RSDP 0x000000003935D014 000024 (v02 AMAZON)
Sep 16 12:01:31 ip-172-31-47-213 kernel: ACPI: XSDT 0x000000003935C0E8 00006C (v01 AMAZON AMZNFACP 00000001      01000013)
Sep 16 12:01:31 ip-172-31-47-213 kernel: ACPI: FACP 0x0000000039355000 000114 (v01 AMAZON AMZNFACP 00000001 AMZN 00000001)
Sep 16 12:01:31 ip-172-31-47-213 kernel: ACPI: DSDT 0x0000000039356000 00115A (v01 AMAZON AMZNDSDT 00000001 AMZN 00000001)
Sep 16 12:01:31 ip-172-31-47-213 kernel: ACPI: FACS 0x00000000393D0000 000040
Sep 16 12:01:31 ip-172-31-47-213 kernel: ACPI: WAET 0x000000003935B000 000028 (v01 AMAZON AMZNWAET 00000001 AMZN 00000001)
Sep 16 12:01:31 ip-172-31-47-213 kernel: ACPI: SLIT 0x000000003935A000 00006C (v01 AMAZON AMZNSLIT 00000001 AMZN 00000001)
Sep 16 12:01:31 ip-172-31-47-213 kernel: ACPI: APIC 0x0000000039359000 000076 (v01 AMAZON AMZNAPIC 00000001 AMZN 00000001)
Sep 16 12:01:31 ip-172-31-47-213 kernel: ACPI: SRAT 0x0000000039358000 0000A0 (v01 AMAZON AMZNSRAT 00000001 AMZN 00000001)
Sep 16 12:01:31 ip-172-31-47-213 kernel: ACPI: HPET 0x0000000039354000 000038 (v01 AMAZON AMZNHPET 00000001 AMZN 00000001)
Sep 16 12:01:31 ip-172-31-47-213 kernel: ACPI: SSDT 0x0000000039353000 000759 (v01 AMAZON AMZNSSDT 00000001 AMZN 00000001)
Sep 16 12:01:31 ip-172-31-47-213 kernel: ACPI: SSDT 0x0000000039352000 00007F (v01 AMAZON AMZNSSDT 00000001 AMZN 00000001)
Sep 16 12:01:31 ip-172-31-47-213 kernel: ACPI: BGRT 0x0000000039351000 000038 (v01 AMAZON AMAZON   00000002      01000013)
Sep 16 12:01:31 ip-172-31-47-213 kernel: ACPI: Reserving FACP table memory at [mem 0x39355000-0x39355113]
Sep 16 12:01:31 ip-172-31-47-213 kernel: ACPI: Reserving DSDT table memory at [mem 0x39356000-0x39357159]
Sep 16 12:01:31 ip-172-31-47-213 kernel: ACPI: Reserving FACS table memory at [mem 0x393d0000-0x393d003f]
Sep 16 12:01:31 ip-172-31-47-213 kernel: ACPI: Reserving WAET table memory at [mem 0x3935b000-0x3935b027]
Sep 16 12:01:31 ip-172-31-47-213 kernel: ACPI: Reserving SLIT table memory at [mem 0x3935a000-0x3935a06b]
Sep 16 12:01:31 ip-172-31-47-213 kernel: ACPI: Reserving APIC table memory at [mem 0x39359000-0x39359075]
Sep 16 12:01:31 ip-172-31-47-213 kernel: ACPI: Reserving SRAT table memory at [mem 0x39358000-0x3935809f]
Sep 16 12:01:31 ip-172-31-47-213 kernel: ACPI: Reserving HPET table memory at [mem 0x39354000-0x39354037]
Sep 16 12:01:31 ip-172-31-47-213 kernel: ACPI: Reserving SSDT table memory at [mem 0x39353000-0x39353758]
Sep 16 12:01:31 ip-172-31-47-213 kernel: ACPI: Reserving SSDT table memory at [mem 0x39352000-0x3935207e]
Sep 16 12:01:31 ip-172-31-47-213 kernel: ACPI: Reserving BGRT table memory at [mem 0x39351000-0x39351037]
Sep 16 12:01:31 ip-172-31-47-213 kernel: SRAT: PXM 0 -> APIC 0x00 -> Node 0
Sep 16 12:01:31 ip-172-31-47-213 kernel: SRAT: PXM 0 -> APIC 0x01 -> Node 0
Sep 16 12:01:31 ip-172-31-47-213 kernel: ACPI: SRAT: Node 0 PXM 0 [mem 0x00000000-0x3fffffff]
Sep 16 12:01:31 ip-172-31-47-213 kernel: NODE_DATA(0) allocated [mem 0x3b2ca000-0x3b2f4fff]
Sep 16 12:01:31 ip-172-31-47-213 kernel: Zone ranges:
Sep 16 12:01:31 ip-172-31-47-213 kernel:  DMA      [mem 0x0000000000001000-0x0000000000ffffff]
Sep 16 12:01:31 ip-172-31-47-213 kernel:  DMA32    [mem 0x0000000001000000-0x000000003d37bfff]
Sep 16 12:01:31 ip-172-31-47-213 kernel:  Normal   empty
Sep 16 12:01:31 ip-172-31-47-213 kernel:  Device   empty
Sep 16 12:01:31 ip-172-31-47-213 kernel: Movable zone start for each node
Sep 16 12:01:31 ip-172-31-47-213 kernel: Early memory node ranges
Sep 16 12:01:31 ip-172-31-47-213 kernel:  node   0: [mem 0x0000000000001000-0x000000000009ffff]
Sep 16 12:01:31 ip-172-31-47-213 kernel:  node   0: [mem 0x0000000000100000-0x00000000390cdfff]
Sep 16 12:01:31 ip-172-31-47-213 kernel:  node   0: [mem 0x00000000393de000-0x000000003d37bfff]
Sep 16 12:01:31 ip-172-31-47-213 kernel: Initmem setup node 0 [mem 0x0000000000001000-0x000000003d37bfff]
Sep 16 12:01:31 ip-172-31-47-213 kernel: On node 0, zone DMA: 1 pages in unavailable ranges
Sep 16 12:01:31 ip-172-31-47-213 kernel: On node 0, zone DMA: 96 pages in unavailable ranges
Sep 16 12:01:31 ip-172-31-47-213 kernel: On node 0, zone DMA32: 784 pages in unavailable ranges
Sep 16 12:01:31 ip-172-31-47-213 kernel: On node 0, zone DMA32: 11396 pages in unavailable ranges
Sep 16 12:01:31 ip-172-31-47-213 kernel: ACPI: PM-Timer IO Port: 0xb008
Sep 16 12:01:31 ip-172-31-47-213 kernel: ACPI: LAPIC_NMI (acpi_id[0xff] dfl dfl lint[0x1])
Sep 16 12:01:31 ip-172-31-47-213 kernel: IOAPIC[0]: apic_id 0, version 32, address 0xfec00000, GSI 0-23
Sep 16 12:01:31 ip-172-31-47-213 kernel: ACPI: INT_SRC_OVR (bus 0 bus_irq 5 global_irq 5 high level)
Sep 16 12:01:31 ip-172-31-47-213 kernel: ACPI: INT_SRC_OVR (bus 0 bus_irq 9 global_irq 9 high level)
Sep 16 12:01:31 ip-172-31-47-213 kernel: ACPI: INT_SRC_OVR (bus 0 bus_irq 10 global_irq 10 high level)
Sep 16 12:01:31 ip-172-31-47-213 kernel: ACPI: INT_SRC_OVR (bus 0 bus_irq 11 global_irq 11 high level)
Sep 16 12:01:31 ip-172-31-47-213 kernel: ACPI: Using ACPI (MADT) for SMP configuration information
Sep 16 12:01:31 ip-172-31-47-213 kernel: ACPI: HPET id: 0x8086a201 base: 0xfed00000
Sep 16 12:01:31 ip-172-31-47-213 kernel: TSC deadline timer available
Sep 16 12:01:31 ip-172-31-47-213 kernel: smpboot: Allowing 2 CPUs, 0 hotplug CPUs
Sep 16 12:01:31 ip-172-31-47-213 kernel: PM: hibernation: Registered nosave memory: [mem 0x00000000-0x00000fff]
Sep 16 12:01:31 ip-172-31-47-213 kernel: PM: hibernation: Registered nosave memory: [mem 0x000a0000-0x000fffff]
Sep 16 12:01:31 ip-172-31-47-213 kernel: PM: hibernation: Registered nosave memory: [mem 0x390ce000-0x393ddfff]
Sep 16 12:01:31 ip-172-31-47-213 kernel: [mem 0x3d400000-0xffffffff] available for PCI devices
Sep 16 12:01:31 ip-172-31-47-213 kernel: Booting paravirtualized kernel on KVM
Sep 16 12:01:31 ip-172-31-47-213 kernel: clocksource: refined-jiffies: mask: 0xffffffff max_cycles: 0xffffffff, max_idle_ns: 19112604462750000 ns
Sep 16 12:01:31 ip-172-31-47-213 kernel: setup_percpu: NR_CPUS:8192 nr_cpumask_bits:2 nr_cpu_ids:2 nr_node_ids:1
Sep 16 12:01:31 ip-172-31-47-213 kernel: percpu: Embedded 60 pages/cpu s208896 r8192 d28672 u1048576
Sep 16 12:01:31 ip-172-31-47-213 kernel: kvm-guest: PV spinlocks enabled
Sep 16 12:01:31 ip-172-31-47-213 kernel: PV qspinlock hash table entries: 256 (order: 0, 4096 bytes, linear)
Sep 16 12:01:31 ip-172-31-47-213 kernel: Fallback order for Node 0: 0 
Sep 16 12:01:31 ip-172-31-47-213 kernel: Built 1 zonelists, mobility grouping on.  Total pages: 245790
Sep 16 12:01:31 ip-172-31-47-213 kernel: Policy zone: DMA32
Sep 16 12:01:31 ip-172-31-47-213 kernel: Kernel command line: BOOT_IMAGE=(hd0,gpt1)/boot/vmlinuz-6.1.147-172.266.amzn2023.x86_64 root=UUID=62c90582-6d8a-4bf0-92e8-95e89689ef33 ro console=tty0 console=ttyS0,115200n8 nvme_core.io_timeout=4294967295 rd.emergency=poweroff rd.shell=0 selinux=1 security=selinux quiet
Sep 16 12:01:31 ip-172-31-47-213 kernel: Unknown kernel command line parameters "BOOT_IMAGE=(hd0,gpt1)/boot/vmlinuz-6.1.147-172.266.amzn2023.x86_64", will be passed to user space.
Sep 16 12:01:31 ip-172-31-47-213 kernel: random: crng init done
Sep 16 12:01:31 ip-172-31-47-213 kernel: Dentry cache hash table entries: 131072 (order: 8, 1048576 bytes, linear)
Sep 16 12:01:31 ip-172-31-47-213 kernel: Inode-cache hash table entries: 65536 (order: 7, 524288 bytes, linear)
Sep 16 12:01:31 ip-172-31-47-213 kernel: mem auto-init: stack:off, heap alloc:off, heap free:off
Sep 16 12:01:31 ip-172-31-47-213 kernel: Memory: 260860K/999468K available (14347K kernel code, 9303K rwdata, 8912K rodata, 2452K init, 18672K bss, 141580K reserved, 0K cma-reserved)
Sep 16 12:01:31 ip-172-31-47-213 kernel: SLUB: HWalign=64, Order=0-3, MinObjects=0, CPUs=2, Nodes=1
Sep 16 12:01:31 ip-172-31-47-213 kernel: Kernel/User page tables isolation: enabled
Sep 16 12:01:31 ip-172-31-47-213 kernel: ftrace: allocating 41852 entries in 164 pages
Sep 16 12:01:31 ip-172-31-47-213 kernel: ftrace: allocated 164 pages with 3 groups
Sep 16 12:01:31 ip-172-31-47-213 kernel: Dynamic Preempt: none
Sep 16 12:01:31 ip-172-31-47-213 kernel: rcu: Preemptible hierarchical RCU implementation.
Sep 16 12:01:31 ip-172-31-47-213 kernel: rcu: #011RCU restricting CPUs from NR_CPUS=8192 to nr_cpu_ids=2.
Sep 16 12:01:31 ip-172-31-47-213 kernel: #011Trampoline variant of Tasks RCU enabled.
Sep 16 12:01:31 ip-172-31-47-213 kernel: #011Rude variant of Tasks RCU enabled.
Sep 16 12:01:31 ip-172-31-47-213 kernel: #011Tracing variant of Tasks RCU enabled.
Sep 16 12:01:31 ip-172-31-47-213 kernel: rcu: RCU calculated value of scheduler-enlistment delay is 10 jiffies.
Sep 16 12:01:31 ip-172-31-47-213 kernel: rcu: Adjusting geometry for rcu_fanout_leaf=16, nr_cpu_ids=2
Sep 16 12:01:31 ip-172-31-47-213 kernel: NR_IRQS: 524544, nr_irqs: 440, preallocated irqs: 16
Sep 16 12:01:31 ip-172-31-47-213 kernel: rcu: srcu_init: Setting srcu_struct sizes based on contention.
Sep 16 12:01:31 ip-172-31-47-213 kernel: Console: colour dummy device 80x25
Sep 16 12:01:31 ip-172-31-47-213 kernel: printk: console [tty0] enabled
Sep 16 12:01:31 ip-172-31-47-213 kernel: printk: console [ttyS0] enabled
Sep 16 12:01:31 ip-172-31-47-213 kernel: ACPI: Core revision 20220331
Sep 16 12:01:31 ip-172-31-47-213 kernel: clocksource: hpet: mask: 0xffffffff max_cycles: 0xffffffff, max_idle_ns: 30580167144 ns
Sep 16 12:01:31 ip-172-31-47-213 kernel: APIC: Switch to symmetric I/O mode setup
Sep 16 12:01:31 ip-172-31-47-213 kernel: x2apic enabled
Sep 16 12:01:31 ip-172-31-47-213 kernel: Switched APIC routing to physical x2apic.
Sep 16 12:01:31 ip-172-31-47-213 kernel: clocksource: tsc-early: mask: 0xffffffffffffffff max_cycles: 0x24093623c91, max_idle_ns: 440795291220 ns
Sep 16 12:01:31 ip-172-31-47-213 kernel: Calibrating delay loop (skipped) preset value.. 4999.99 BogoMIPS (lpj=24999960)
Sep 16 12:01:31 ip-172-31-47-213 kernel: Last level iTLB entries: 4KB 64, 2MB 8, 4MB 8
Sep 16 12:01:31 ip-172-31-47-213 kernel: Last level dTLB entries: 4KB 64, 2MB 32, 4MB 32, 1GB 4
Sep 16 12:01:31 ip-172-31-47-213 kernel: Spectre V1 : Mitigation: usercopy/swapgs barriers and __user pointer sanitization
Sep 16 12:01:31 ip-172-31-47-213 kernel: Spectre V2 : Mitigation: Retpolines
Sep 16 12:01:31 ip-172-31-47-213 kernel: Spectre V2 : Spectre v2 / SpectreRSB: Filling RSB on context switch and VMEXIT
Sep 16 12:01:31 ip-172-31-47-213 kernel: RETBleed: WARNING: Spectre v2 mitigation leaves CPU vulnerable to RETBleed attacks, data leaks possible!
Sep 16 12:01:31 ip-172-31-47-213 kernel: RETBleed: Vulnerable
Sep 16 12:01:31 ip-172-31-47-213 kernel: Speculative Store Bypass: Vulnerable
Sep 16 12:01:31 ip-172-31-47-213 kernel: MDS: Vulnerable: Clear CPU buffers attempted, no microcode
Sep 16 12:01:31 ip-172-31-47-213 kernel: MMIO Stale Data: Vulnerable: Clear CPU buffers attempted, no microcode
Sep 16 12:01:31 ip-172-31-47-213 kernel: GDS: Unknown: Dependent on hypervisor status
Sep 16 12:01:31 ip-172-31-47-213 kernel: ITS: Mitigation: Aligned branch/return thunks
Sep 16 12:01:31 ip-172-31-47-213 kernel: x86/fpu: Supporting XSAVE feature 0x001: 'x87 floating point registers'
Sep 16 12:01:31 ip-172-31-47-213 kernel: x86/fpu: Supporting XSAVE feature 0x002: 'SSE registers'
Sep 16 12:01:31 ip-172-31-47-213 kernel: x86/fpu: Supporting XSAVE feature 0x004: 'AVX registers'
Sep 16 12:01:31 ip-172-31-47-213 kernel: x86/fpu: Supporting XSAVE feature 0x008: 'MPX bounds registers'
Sep 16 12:01:31 ip-172-31-47-213 kernel: x86/fpu: Supporting XSAVE feature 0x010: 'MPX CSR'
Sep 16 12:01:31 ip-172-31-47-213 kernel: x86/fpu: Supporting XSAVE feature 0x020: 'AVX-512 opmask'
Sep 16 12:01:31 ip-172-31-47-213 kernel: x86/fpu: Supporting XSAVE feature 0x040: 'AVX-512 Hi256'
Sep 16 12:01:31 ip-172-31-47-213 kernel: x86/fpu: Supporting XSAVE feature 0x080: 'AVX-512 ZMM_Hi256'
Sep 16 12:01:31 ip-172-31-47-213 kernel: x86/fpu: Supporting XSAVE feature 0x200: 'Protection Keys User registers'
Sep 16 12:01:31 ip-172-31-47-213 kernel: x86/fpu: xstate_offset[2]:  576, xstate_sizes[2]:  256
Sep 16 12:01:31 ip-172-31-47-213 kernel: x86/fpu: xstate_offset[3]:  832, xstate_sizes[3]:   64
Sep 16 12:01:31 ip-172-31-47-213 kernel: x86/fpu: xstate_offset[4]:  896, xstate_sizes[4]:   64
Sep 16 12:01:31 ip-172-31-47-213 kernel: x86/fpu: xstate_offset[5]:  960, xstate_sizes[5]:   64
Sep 16 12:01:31 ip-172-31-47-213 kernel: x86/fpu: xstate_offset[6]: 1024, xstate_sizes[6]:  512
Sep 16 12:01:31 ip-172-31-47-213 kernel: x86/fpu: xstate_offset[7]: 1536, xstate_sizes[7]: 1024
Sep 16 12:01:31 ip-172-31-47-213 kernel: x86/fpu: xstate_offset[9]: 2560, xstate_sizes[9]:    8
Sep 16 12:01:31 ip-172-31-47-213 kernel: x86/fpu: Enabled xstate features 0x2ff, context size is 2568 bytes, using 'compacted' format.
Sep 16 12:01:31 ip-172-31-47-213 kernel: Freeing SMP alternatives memory: 36K
Sep 16 12:01:31 ip-172-31-47-213 kernel: pid_max: default: 32768 minimum: 301
Sep 16 12:01:31 ip-172-31-47-213 kernel: LSM: Security Framework initializing
Sep 16 12:01:31 ip-172-31-47-213 kernel: landlock: Up and running.
Sep 16 12:01:31 ip-172-31-47-213 kernel: Yama: becoming mindful.
Sep 16 12:01:31 ip-172-31-47-213 kernel: SELinux:  Initializing.
Sep 16 12:01:31 ip-172-31-47-213 kernel: LSM support for eBPF active
Sep 16 12:01:31 ip-172-31-47-213 kernel: Mount-cache hash table entries: 2048 (order: 2, 16384 bytes, linear)
Sep 16 12:01:31 ip-172-31-47-213 kernel: Mountpoint-cache hash table entries: 2048 (order: 2, 16384 bytes, linear)
Sep 16 12:01:31 ip-172-31-47-213 kernel: smpboot: CPU0: Intel(R) Xeon(R) Platinum 8259CL CPU @ 2.50GHz (family: 0x6, model: 0x55, stepping: 0x7)
Sep 16 12:01:31 ip-172-31-47-213 kernel: cblist_init_generic: Setting adjustable number of callback queues.
Sep 16 12:01:31 ip-172-31-47-213 kernel: cblist_init_generic: Setting shift to 1 and lim to 1.
Sep 16 12:01:31 ip-172-31-47-213 kernel: cblist_init_generic: Setting adjustable number of callback queues.
Sep 16 12:01:31 ip-172-31-47-213 kernel: cblist_init_generic: Setting shift to 1 and lim to 1.
Sep 16 12:01:31 ip-172-31-47-213 kernel: cblist_init_generic: Setting adjustable number of callback queues.
Sep 16 12:01:31 ip-172-31-47-213 kernel: cblist_init_generic: Setting shift to 1 and lim to 1.
Sep 16 12:01:31 ip-172-31-47-213 kernel: Performance Events: unsupported p6 CPU model 85 no PMU driver, software events only.
Sep 16 12:01:31 ip-172-31-47-213 kernel: signal: max sigframe size: 3632
Sep 16 12:01:31 ip-172-31-47-213 kernel: rcu: Hierarchical SRCU implementation.
Sep 16 12:01:31 ip-172-31-47-213 kernel: rcu: #011Max phase no-delay instances is 1000.
Sep 16 12:01:31 ip-172-31-47-213 kernel: smp: Bringing up secondary CPUs ...
Sep 16 12:01:31 ip-172-31-47-213 kernel: x86: Booting SMP configuration:
Sep 16 12:01:31 ip-172-31-47-213 kernel: .... node  #0, CPUs:      #1
Sep 16 12:01:31 ip-172-31-47-213 kernel: Transient Scheduler Attacks: MDS CPU bug present and SMT on, data leak possible. See https://www.kernel.org/doc/html/latest/admin-guide/hw-vuln/mds.html for more details.
Sep 16 12:01:31 ip-172-31-47-213 kernel: Transient Scheduler Attacks: MMIO Stale Data CPU bug present and SMT on, data leak possible. See https://www.kernel.org/doc/html/latest/admin-guide/hw-vuln/processor_mmio_stale_data.html for more details.
Sep 16 12:01:31 ip-172-31-47-213 kernel: smp: Brought up 1 node, 2 CPUs
Sep 16 12:01:31 ip-172-31-47-213 kernel: smpboot: Max logical packages: 1
Sep 16 12:01:31 ip-172-31-47-213 kernel: smpboot: Total of 2 processors activated (9999.98 BogoMIPS)
Sep 16 12:01:31 ip-172-31-47-213 kernel: node 0 deferred pages initialised in 0ms
Sep 16 12:01:31 ip-172-31-47-213 kernel: devtmpfs: initialized
Sep 16 12:01:31 ip-172-31-47-213 kernel: x86/mm: Memory block size: 128MB
Sep 16 12:01:31 ip-172-31-47-213 kernel: ACPI: PM: Registering ACPI NVS region [mem 0x3935e000-0x393ddfff] (524288 bytes)
Sep 16 12:01:31 ip-172-31-47-213 kernel: clocksource: jiffies: mask: 0xffffffff max_cycles: 0xffffffff, max_idle_ns: 19112604462750000 ns
Sep 16 12:01:31 ip-172-31-47-213 kernel: futex hash table entries: 512 (order: 3, 32768 bytes, linear)
Sep 16 12:01:31 ip-172-31-47-213 kernel: NET: Registered PF_NETLINK/PF_ROUTE protocol family
Sep 16 12:01:31 ip-172-31-47-213 kernel: DMA: preallocated 128 KiB GFP_KERNEL pool for atomic allocations
Sep 16 12:01:31 ip-172-31-47-213 kernel: DMA: preallocated 128 KiB GFP_KERNEL|GFP_DMA pool for atomic allocations
Sep 16 12:01:31 ip-172-31-47-213 kernel: DMA: preallocated 128 KiB GFP_KERNEL|GFP_DMA32 pool for atomic allocations
Sep 16 12:01:31 ip-172-31-47-213 kernel: audit: initializing netlink subsys (disabled)
Sep 16 12:01:31 ip-172-31-47-213 kernel: audit: type=2000 audit(1758024092.278:1): state=initialized audit_enabled=0 res=1
Sep 16 12:01:31 ip-172-31-47-213 kernel: thermal_sys: Registered thermal governor 'fair_share'
Sep 16 12:01:31 ip-172-31-47-213 kernel: thermal_sys: Registered thermal governor 'step_wise'
Sep 16 12:01:31 ip-172-31-47-213 kernel: thermal_sys: Registered thermal governor 'user_space'
Sep 16 12:01:31 ip-172-31-47-213 kernel: cpuidle: using governor ladder
Sep 16 12:01:31 ip-172-31-47-213 kernel: cpuidle: using governor menu
Sep 16 12:01:31 ip-172-31-47-213 kernel: acpiphp: ACPI Hot Plug PCI Controller Driver version: 0.5
Sep 16 12:01:31 ip-172-31-47-213 kernel: PCI: Using configuration type 1 for base access
Sep 16 12:01:31 ip-172-31-47-213 kernel: kprobes: kprobe jump-optimization is enabled. All kprobes are optimized if possible.
Sep 16 12:01:31 ip-172-31-47-213 kernel: HugeTLB: registered 1.00 GiB page size, pre-allocated 0 pages
Sep 16 12:01:31 ip-172-31-47-213 kernel: HugeTLB: 16380 KiB vmemmap can be freed for a 1.00 GiB page
Sep 16 12:01:31 ip-172-31-47-213 kernel: HugeTLB: registered 2.00 MiB page size, pre-allocated 0 pages
Sep 16 12:01:31 ip-172-31-47-213 kernel: HugeTLB: 28 KiB vmemmap can be freed for a 2.00 MiB page
Sep 16 12:01:31 ip-172-31-47-213 kernel: cryptd: max_cpu_qlen set to 1000
Sep 16 12:01:31 ip-172-31-47-213 kernel: ACPI: Added _OSI(Module Device)
Sep 16 12:01:31 ip-172-31-47-213 kernel: ACPI: Added _OSI(Processor Device)
Sep 16 12:01:31 ip-172-31-47-213 kernel: ACPI: Added _OSI(Processor Aggregator Device)
Sep 16 12:01:31 ip-172-31-47-213 kernel: ACPI: 3 ACPI AML tables successfully acquired and loaded
Sep 16 12:01:31 ip-172-31-47-213 kernel: ACPI: Interpreter enabled
Sep 16 12:01:31 ip-172-31-47-213 kernel: ACPI: PM: (supports S0 S4 S5)
Sep 16 12:01:31 ip-172-31-47-213 kernel: ACPI: Using IOAPIC for interrupt routing
Sep 16 12:01:31 ip-172-31-47-213 kernel: PCI: Using host bridge windows from ACPI; if necessary, use "pci=nocrs" and report a bug
Sep 16 12:01:31 ip-172-31-47-213 kernel: PCI: Using E820 reservations for host bridge windows
Sep 16 12:01:31 ip-172-31-47-213 kernel: ACPI: Enabled 2 GPEs in block 00 to 0F
Sep 16 12:01:31 ip-172-31-47-213 kernel: ACPI: PCI Root Bridge [PCI0] (domain 0000 [bus 00-ff])
Sep 16 12:01:31 ip-172-31-47-213 kernel: acpi PNP0A03:00: _OSC: OS supports [ASPM ClockPM Segments MSI HPX-Type3]
Sep 16 12:01:31 ip-172-31-47-213 kernel: acpi PNP0A03:00: _OSC: not requesting OS control; OS requires [ExtendedConfig ASPM ClockPM MSI]
Sep 16 12:01:31 ip-172-31-47-213 kernel: acpi PNP0A03:00: fail to add MMCONFIG information, can't access extended PCI configuration space under this bridge.
Sep 16 12:01:31 ip-172-31-47-213 kernel: acpiphp: Slot [3] registered
Sep 16 12:01:31 ip-172-31-47-213 kernel: acpiphp: Slot [4] registered
Sep 16 12:01:31 ip-172-31-47-213 kernel: acpiphp: Slot [5] registered
Sep 16 12:01:31 ip-172-31-47-213 kernel: acpiphp: Slot [6] registered
Sep 16 12:01:31 ip-172-31-47-213 kernel: acpiphp: Slot [7] registered
Sep 16 12:01:31 ip-172-31-47-213 kernel: acpiphp: Slot [8] registered
Sep 16 12:01:31 ip-172-31-47-213 kernel: acpiphp: Slot [9] registered
Sep 16 12:01:31 ip-172-31-47-213 kernel: acpiphp: Slot [10] registered
Sep 16 12:01:31 ip-172-31-47-213 kernel: acpiphp: Slot [11] registered
Sep 16 12:01:31 ip-172-31-47-213 kernel: acpiphp: Slot [12] registered
Sep 16 12:01:31 ip-172-31-47-213 kernel: acpiphp: Slot [13] registered
Sep 16 12:01:31 ip-172-31-47-213 kernel: acpiphp: Slot [14] registered
Sep 16 12:01:31 ip-172-31-47-213 kernel: acpiphp: Slot [15] registered
Sep 16 12:01:31 ip-172-31-47-213 kernel: acpiphp: Slot [16] registered
Sep 16 12:01:31 ip-172-31-47-213 kernel: acpiphp: Slot [17] registered
Sep 16 12:01:31 ip-172-31-47-213 kernel: acpiphp: Slot [18] registered
Sep 16 12:01:31 ip-172-31-47-213 kernel: acpiphp: Slot [19] registered
Sep 16 12:01:31 ip-172-31-47-213 kernel: acpiphp: Slot [20] registered
Sep 16 12:01:31 ip-172-31-47-213 kernel: acpiphp: Slot [21] registered
Sep 16 12:01:31 ip-172-31-47-213 kernel: acpiphp: Slot [22] registered
Sep 16 12:01:31 ip-172-31-47-213 kernel: acpiphp: Slot [23] registered
Sep 16 12:01:31 ip-172-31-47-213 kernel: acpiphp: Slot [24] registered
Sep 16 12:01:31 ip-172-31-47-213 kernel: acpiphp: Slot [25] registered
Sep 16 12:01:31 ip-172-31-47-213 kernel: acpiphp: Slot [26] registered
Sep 16 12:01:31 ip-172-31-47-213 kernel: acpiphp: Slot [27] registered
Sep 16 12:01:31 ip-172-31-47-213 kernel: acpiphp: Slot [28] registered
Sep 16 12:01:31 ip-172-31-47-213 kernel: acpiphp: Slot [29] registered
Sep 16 12:01:31 ip-172-31-47-213 kernel: acpiphp: Slot [30] registered
Sep 16 12:01:31 ip-172-31-47-213 kernel: acpiphp: Slot [31] registered
Sep 16 12:01:31 ip-172-31-47-213 kernel: PCI host bridge to bus 0000:00
Sep 16 12:01:31 ip-172-31-47-213 kernel: pci_bus 0000:00: root bus resource [io  0x0000-0x0cf7 window]
Sep 16 12:01:31 ip-172-31-47-213 kernel: pci_bus 0000:00: root bus resource [io  0x0d00-0xffff window]
Sep 16 12:01:31 ip-172-31-47-213 kernel: pci_bus 0000:00: root bus resource [mem 0x000a0000-0x000bffff window]
Sep 16 12:01:31 ip-172-31-47-213 kernel: pci_bus 0000:00: root bus resource [mem 0x80000000-0xfebfffff window]
Sep 16 12:01:31 ip-172-31-47-213 kernel: pci_bus 0000:00: root bus resource [mem 0x100000000-0x2000ffffffff window]
Sep 16 12:01:31 ip-172-31-47-213 kernel: pci_bus 0000:00: root bus resource [bus 00-ff]
Sep 16 12:01:31 ip-172-31-47-213 kernel: pci 0000:00:00.0: [8086:1237] type 00 class 0x060000
Sep 16 12:01:31 ip-172-31-47-213 kernel: pci 0000:00:01.0: [8086:7000] type 00 class 0x060100
Sep 16 12:01:31 ip-172-31-47-213 kernel: pci 0000:00:01.3: [8086:7113] type 00 class 0x000000
Sep 16 12:01:31 ip-172-31-47-213 kernel: pci 0000:00:01.3: quirk: [io  0xb000-0xb03f] claimed by PIIX4 ACPI
Sep 16 12:01:31 ip-172-31-47-213 kernel: pci 0000:00:01.3: PIIX4 devres E PIO at fff0-ffff
Sep 16 12:01:31 ip-172-31-47-213 kernel: pci 0000:00:01.3: PIIX4 devres F MMIO at ffc00000-ffffffff
Sep 16 12:01:31 ip-172-31-47-213 kernel: pci 0000:00:01.3: PIIX4 devres G PIO at fff0-ffff
Sep 16 12:01:31 ip-172-31-47-213 kernel: pci 0000:00:01.3: PIIX4 devres H MMIO at ffc00000-ffffffff
Sep 16 12:01:31 ip-172-31-47-213 kernel: pci 0000:00:01.3: PIIX4 devres I PIO at fff0-ffff
Sep 16 12:01:31 ip-172-31-47-213 kernel: pci 0000:00:01.3: PIIX4 devres J PIO at fff0-ffff
Sep 16 12:01:31 ip-172-31-47-213 kernel: pci 0000:00:03.0: [1d0f:1111] type 00 class 0x030000
Sep 16 12:01:31 ip-172-31-47-213 kernel: pci 0000:00:03.0: reg 0x10: [mem 0x80000000-0x803fffff pref]
Sep 16 12:01:31 ip-172-31-47-213 kernel: pci 0000:00:03.0: reg 0x30: [mem 0xffff0000-0xffffffff pref]
Sep 16 12:01:31 ip-172-31-47-213 kernel: pci 0000:00:03.0: Video device with shadowed ROM at [mem 0x000c0000-0x000dffff]
Sep 16 12:01:31 ip-172-31-47-213 kernel: pci 0000:00:04.0: [1d0f:8061] type 00 class 0x010802
Sep 16 12:01:31 ip-172-31-47-213 kernel: pci 0000:00:04.0: reg 0x10: [mem 0x80404000-0x80407fff]
Sep 16 12:01:31 ip-172-31-47-213 kernel: pci 0000:00:05.0: [1d0f:ec20] type 00 class 0x020000
Sep 16 12:01:31 ip-172-31-47-213 kernel: pci 0000:00:05.0: reg 0x10: [mem 0x80400000-0x80403fff]
Sep 16 12:01:31 ip-172-31-47-213 kernel: ACPI: PCI: Interrupt link LNKA configured for IRQ 10
Sep 16 12:01:31 ip-172-31-47-213 kernel: ACPI: PCI: Interrupt link LNKB configured for IRQ 10
Sep 16 12:01:31 ip-172-31-47-213 kernel: ACPI: PCI: Interrupt link LNKC configured for IRQ 11
Sep 16 12:01:31 ip-172-31-47-213 kernel: ACPI: PCI: Interrupt link LNKD configured for IRQ 11
Sep 16 12:01:31 ip-172-31-47-213 kernel: ACPI: PCI: Interrupt link LNKS configured for IRQ 9
Sep 16 12:01:31 ip-172-31-47-213 kernel: iommu: Default domain type: Translated 
Sep 16 12:01:31 ip-172-31-47-213 kernel: iommu: DMA domain TLB invalidation policy: lazy mode 
Sep 16 12:01:31 ip-172-31-47-213 kernel: pps_core: LinuxPPS API ver. 1 registered
Sep 16 12:01:31 ip-172-31-47-213 kernel: pps_core: Software ver. 5.3.6 - Copyright 2005-2007 Rodolfo Giometti <giometti@linux.it>
Sep 16 12:01:31 ip-172-31-47-213 kernel: PTP clock support registered
Sep 16 12:01:31 ip-172-31-47-213 kernel: EDAC MC: Ver: 3.0.0
Sep 16 12:01:31 ip-172-31-47-213 kernel: Registered efivars operations
Sep 16 12:01:31 ip-172-31-47-213 kernel: NetLabel: Initializing
Sep 16 12:01:31 ip-172-31-47-213 kernel: NetLabel:  domain hash size = 128
Sep 16 12:01:31 ip-172-31-47-213 kernel: NetLabel:  protocols = UNLABELED CIPSOv4 CALIPSO
Sep 16 12:01:31 ip-172-31-47-213 kernel: NetLabel:  unlabeled traffic allowed by default
Sep 16 12:01:31 ip-172-31-47-213 kernel: PCI: Using ACPI for IRQ routing
Sep 16 12:01:31 ip-172-31-47-213 kernel: hpet0: at MMIO 0xfed00000, IRQs 2, 8, 0, 0, 0, 0, 0, 0
Sep 16 12:01:31 ip-172-31-47-213 kernel: hpet0: 8 comparators, 32-bit 62.500000 MHz counter
Sep 16 12:01:31 ip-172-31-47-213 kernel: clocksource: Switched to clocksource kvm-clock
Sep 16 12:01:31 ip-172-31-47-213 kernel: VFS: Disk quotas dquot_6.6.0
Sep 16 12:01:31 ip-172-31-47-213 kernel: VFS: Dquot-cache hash table entries: 512 (order 0, 4096 bytes)
Sep 16 12:01:31 ip-172-31-47-213 kernel: pnp: PnP ACPI init
Sep 16 12:01:31 ip-172-31-47-213 kernel: pnp: PnP ACPI: found 5 devices
Sep 16 12:01:31 ip-172-31-47-213 kernel: clocksource: acpi_pm: mask: 0xffffff max_cycles: 0xffffff, max_idle_ns: 2085701024 ns
Sep 16 12:01:31 ip-172-31-47-213 kernel: NET: Registered PF_INET protocol family
Sep 16 12:01:31 ip-172-31-47-213 kernel: IP idents hash table entries: 16384 (order: 5, 131072 bytes, linear)
Sep 16 12:01:31 ip-172-31-47-213 kernel: tcp_listen_portaddr_hash hash table entries: 512 (order: 1, 8192 bytes, linear)
Sep 16 12:01:31 ip-172-31-47-213 kernel: Table-perturb hash table entries: 65536 (order: 6, 262144 bytes, linear)
Sep 16 12:01:31 ip-172-31-47-213 kernel: TCP established hash table entries: 8192 (order: 4, 65536 bytes, linear)
Sep 16 12:01:31 ip-172-31-47-213 kernel: TCP bind hash table entries: 8192 (order: 6, 262144 bytes, linear)
Sep 16 12:01:31 ip-172-31-47-213 kernel: TCP: Hash tables configured (established 8192 bind 8192)
Sep 16 12:01:31 ip-172-31-47-213 kernel: MPTCP token hash table entries: 1024 (order: 2, 24576 bytes, linear)
Sep 16 12:01:31 ip-172-31-47-213 kernel: UDP hash table entries: 512 (order: 2, 16384 bytes, linear)
Sep 16 12:01:31 ip-172-31-47-213 kernel: UDP-Lite hash table entries: 512 (order: 2, 16384 bytes, linear)
Sep 16 12:01:31 ip-172-31-47-213 kernel: NET: Registered PF_UNIX/PF_LOCAL protocol family
Sep 16 12:01:31 ip-172-31-47-213 kernel: NET: Registered PF_XDP protocol family
Sep 16 12:01:31 ip-172-31-47-213 kernel: pci_bus 0000:00: resource 4 [io  0x0000-0x0cf7 window]
Sep 16 12:01:31 ip-172-31-47-213 kernel: pci_bus 0000:00: resource 5 [io  0x0d00-0xffff window]
Sep 16 12:01:31 ip-172-31-47-213 kernel: pci_bus 0000:00: resource 6 [mem 0x000a0000-0x000bffff window]
Sep 16 12:01:31 ip-172-31-47-213 kernel: pci_bus 0000:00: resource 7 [mem 0x80000000-0xfebfffff window]
Sep 16 12:01:31 ip-172-31-47-213 kernel: pci_bus 0000:00: resource 8 [mem 0x100000000-0x2000ffffffff window]
Sep 16 12:01:31 ip-172-31-47-213 kernel: pci 0000:00:00.0: Limiting direct PCI/PCI transfers
Sep 16 12:01:31 ip-172-31-47-213 kernel: PCI: CLS 0 bytes, default 64
Sep 16 12:01:31 ip-172-31-47-213 kernel: Trying to unpack rootfs image as initramfs...
Sep 16 12:01:31 ip-172-31-47-213 kernel: clocksource: tsc: mask: 0xffffffffffffffff max_cycles: 0x24093623c91, max_idle_ns: 440795291220 ns
Sep 16 12:01:31 ip-172-31-47-213 kernel: clocksource: Switched to clocksource tsc
Sep 16 12:01:31 ip-172-31-47-213 kernel: Initialise system trusted keyrings
Sep 16 12:01:31 ip-172-31-47-213 kernel: Key type blacklist registered
Sep 16 12:01:31 ip-172-31-47-213 kernel: workingset: timestamp_bits=36 max_order=18 bucket_order=0
Sep 16 12:01:31 ip-172-31-47-213 kernel: zbud: loaded
Sep 16 12:01:31 ip-172-31-47-213 kernel: SGI XFS with ACLs, security attributes, quota, no debug enabled
Sep 16 12:01:31 ip-172-31-47-213 kernel: integrity: Platform Keyring initialized
Sep 16 12:01:31 ip-172-31-47-213 kernel: Key type asymmetric registered
Sep 16 12:01:31 ip-172-31-47-213 kernel: Asymmetric key parser 'x509' registered
Sep 16 12:01:31 ip-172-31-47-213 kernel: Block layer SCSI generic (bsg) driver version 0.4 loaded (major 248)
Sep 16 12:01:31 ip-172-31-47-213 kernel: io scheduler mq-deadline registered
Sep 16 12:01:31 ip-172-31-47-213 kernel: io scheduler kyber registered
Sep 16 12:01:31 ip-172-31-47-213 kernel: io scheduler bfq registered
Sep 16 12:01:31 ip-172-31-47-213 kernel: shpchp: Standard Hot Plug PCI Controller Driver version: 0.4
Sep 16 12:01:31 ip-172-31-47-213 kernel: Serial: 8250/16550 driver, 4 ports, IRQ sharing disabled
Sep 16 12:01:31 ip-172-31-47-213 kernel: 00:04: ttyS0 at I/O 0x3f8 (irq = 4, base_baud = 115200) is a 16550A
Sep 16 12:01:31 ip-172-31-47-213 kernel: AMD-Vi: AMD IOMMUv2 functionality not available on this system - This is not a bug.
Sep 16 12:01:31 ip-172-31-47-213 kernel: nvme nvme0: pci function 0000:00:04.0
Sep 16 12:01:31 ip-172-31-47-213 kernel: rtc_cmos 00:00: RTC can wake from S4
Sep 16 12:01:31 ip-172-31-47-213 kernel: ACPI: \_SB_.LNKD: Enabled at IRQ 11
Sep 16 12:01:31 ip-172-31-47-213 kernel: rtc_cmos 00:00: registered as rtc0
Sep 16 12:01:31 ip-172-31-47-213 kernel: rtc_cmos 00:00: setting system clock to 2025-09-16T12:01:31 UTC (1758024091)
Sep 16 12:01:31 ip-172-31-47-213 kernel: rtc_cmos 00:00: alarms up to one day, 114 bytes nvram
Sep 16 12:01:31 ip-172-31-47-213 kernel: intel_pstate: CPU model not supported
Sep 16 12:01:31 ip-172-31-47-213 kernel: pstore: Registered efi as persistent store backend
Sep 16 12:01:31 ip-172-31-47-213 kernel: hid: raw HID events driver (C) Jiri Kosina
Sep 16 12:01:31 ip-172-31-47-213 kernel: nvme nvme0: 2/0/0 default/read/poll queues
Sep 16 12:01:31 ip-172-31-47-213 kernel: NET: Registered PF_INET6 protocol family
Sep 16 12:01:31 ip-172-31-47-213 kernel: nvme0n1: p1 p127 p128
Sep 16 12:01:31 ip-172-31-47-213 kernel: Freeing initrd memory: 16056K
Sep 16 12:01:31 ip-172-31-47-213 kernel: Segment Routing with IPv6
Sep 16 12:01:31 ip-172-31-47-213 kernel: In-situ OAM (IOAM) with IPv6
Sep 16 12:01:31 ip-172-31-47-213 kernel: NET: Registered PF_PACKET protocol family
Sep 16 12:01:31 ip-172-31-47-213 kernel: IPI shorthand broadcast: enabled
Sep 16 12:01:31 ip-172-31-47-213 kernel: AVX2 version of gcm_enc/dec engaged.
Sep 16 12:01:31 ip-172-31-47-213 kernel: AES CTR mode by8 optimization enabled
Sep 16 12:01:31 ip-172-31-47-213 kernel: sched_clock: Marking stable (239212961, 2890397)->(262149548, -20046190)
Sep 16 12:01:31 ip-172-31-47-213 kernel: registered taskstats version 1
Sep 16 12:01:31 ip-172-31-47-213 kernel: Loading compiled-in X.509 certificates
Sep 16 12:01:31 ip-172-31-47-213 kernel: Loaded X.509 cert 'Amazon.com: Amazon Linux Kernel Signing Key: 23adff53b80707fc801fc4a0d452f09fc5875872'
Sep 16 12:01:31 ip-172-31-47-213 kernel: zswap: loaded using pool lzo/zbud
Sep 16 12:01:31 ip-172-31-47-213 kernel: Key type .fscrypt registered
Sep 16 12:01:31 ip-172-31-47-213 kernel: Key type fscrypt-provisioning registered
Sep 16 12:01:31 ip-172-31-47-213 kernel: pstore: Using crash dump compression: deflate
Sep 16 12:01:31 ip-172-31-47-213 kernel: ima: No TPM chip found, activating TPM-bypass!
Sep 16 12:01:31 ip-172-31-47-213 kernel: ima: Allocated hash algorithm: sha256
Sep 16 12:01:31 ip-172-31-47-213 kernel: ima: No architecture policies found
Sep 16 12:01:31 ip-172-31-47-213 kernel: clk: Disabling unused clocks
Sep 16 12:01:31 ip-172-31-47-213 kernel: Freeing unused decrypted memory: 2036K
Sep 16 12:01:31 ip-172-31-47-213 kernel: Freeing unused kernel image (initmem) memory: 2452K
Sep 16 12:01:31 ip-172-31-47-213 kernel: Write protecting the kernel read-only data: 26624k
Sep 16 12:01:31 ip-172-31-47-213 kernel: Freeing unused kernel image (text/rodata gap) memory: 2036K
Sep 16 12:01:31 ip-172-31-47-213 kernel: Freeing unused kernel image (rodata/data gap) memory: 1328K
Sep 16 12:01:31 ip-172-31-47-213 kernel: Run /init as init process
Sep 16 12:01:31 ip-172-31-47-213 systemd[1]: systemd 252.23-6.amzn2023 running in system mode (+PAM +AUDIT +SELINUX -APPARMOR +IMA +SMACK +SECCOMP -GCRYPT -GNUTLS +OPENSSL +ACL +BLKID +CURL +ELFUTILS +FIDO2 +IDN2 -IDN -IPTC +KMOD +LIBCRYPTSETUP +LIBFDISK +PCRE2 +PWQUALITY +P11KIT +QRENCODE +TPM2 -BZIP2 -LZ4 +XZ +ZLIB -ZSTD +BPF_FRAMEWORK +XKBCOMMON +UTMP +SYSVINIT default-hierarchy=unified)
Sep 16 12:01:31 ip-172-31-47-213 systemd[1]: Detected virtualization amazon.
Sep 16 12:01:31 ip-172-31-47-213 systemd[1]: Detected architecture x86-64.
Sep 16 12:01:31 ip-172-31-47-213 systemd[1]: Running in initrd.
Sep 16 12:01:31 ip-172-31-47-213 systemd[1]: No hostname configured, using default hostname.
Sep 16 12:01:31 ip-172-31-47-213 systemd[1]: Hostname set to <localhost>.
Sep 16 12:01:31 ip-172-31-47-213 systemd[1]: Initializing machine ID from VM UUID.
Sep 16 12:01:31 ip-172-31-47-213 systemd[1]: Queued start job for default target initrd.target.
Sep 16 12:01:31 ip-172-31-47-213 systemd[1]: Started systemd-ask-password-console.path - Dispatch Password Requests to Console Directory Watch.
Sep 16 12:01:31 ip-172-31-47-213 systemd[1]: Expecting device dev-disk-by\x2duuid-62c90582\x2d6d8a\x2d4bf0\x2d92e8\x2d95e89689ef33.device - /dev/disk/by-uuid/62c90582-6d8a-4bf0-92e8-95e89689ef33...
Sep 16 12:01:31 ip-172-31-47-213 systemd[1]: Reached target initrd-usr-fs.target - Initrd /usr File System.
Sep 16 12:01:31 ip-172-31-47-213 systemd[1]: Reached target local-fs.target - Local File Systems.
Sep 16 12:01:31 ip-172-31-47-213 systemd[1]: Reached target paths.target - Path Units.
Sep 16 12:01:31 ip-172-31-47-213 systemd[1]: Reached target slices.target - Slice Units.
Sep 16 12:01:31 ip-172-31-47-213 systemd[1]: Reached target swap.target - Swaps.
Sep 16 12:01:31 ip-172-31-47-213 systemd[1]: Reached target timers.target - Timer Units.
Sep 16 12:01:31 ip-172-31-47-213 systemd[1]: Listening on systemd-journald-audit.socket - Journal Audit Socket.
Sep 16 12:01:31 ip-172-31-47-213 systemd[1]: Listening on systemd-journald-dev-log.socket - Journal Socket (/dev/log).
Sep 16 12:01:31 ip-172-31-47-213 systemd[1]: Listening on systemd-journald.socket - Journal Socket.
Sep 16 12:01:31 ip-172-31-47-213 systemd[1]: Listening on systemd-udevd-control.socket - udev Control Socket.
Sep 16 12:01:31 ip-172-31-47-213 systemd[1]: Listening on systemd-udevd-kernel.socket - udev Kernel Socket.
Sep 16 12:01:31 ip-172-31-47-213 systemd[1]: Reached target sockets.target - Socket Units.
Sep 16 12:01:31 ip-172-31-47-213 systemd[1]: kmod-static-nodes.service - Create List of Static Device Nodes was skipped because of an unmet condition check (ConditionFileNotEmpty=/lib/modules/6.1.147-172.266.amzn2023.x86_64/modules.devname).
Sep 16 12:01:31 ip-172-31-47-213 systemd[1]: Starting systemd-journald.service - Journal Service...
Sep 16 12:01:31 ip-172-31-47-213 systemd[1]: systemd-modules-load.service - Load Kernel Modules was skipped because no trigger condition checks were met.
Sep 16 12:01:31 ip-172-31-47-213 systemd[1]: Starting systemd-sysctl.service - Apply Kernel Variables...
Sep 16 12:01:31 ip-172-31-47-213 systemd[1]: Starting systemd-sysusers.service - Create System Users...
Sep 16 12:01:31 ip-172-31-47-213 systemd[1]: Starting systemd-vconsole-setup.service - Setup Virtual Console...
Sep 16 12:01:31 ip-172-31-47-213 systemd[1]: Finished systemd-sysusers.service - Create System Users.
Sep 16 12:01:31 ip-172-31-47-213 kernel: audit: type=1130 audit(1758024091.930:2): pid=1 uid=0 auid=4294967295 ses=4294967295 subj=kernel msg='unit=systemd-sysusers comm="systemd" exe="/usr/lib/systemd/systemd" hostname=? addr=? terminal=? res=success'
Sep 16 12:01:31 ip-172-31-47-213 systemd[1]: Finished systemd-sysctl.service - Apply Kernel Variables.
Sep 16 12:01:31 ip-172-31-47-213 kernel: audit: type=1130 audit(1758024091.930:3): pid=1 uid=0 auid=4294967295 ses=4294967295 subj=kernel msg='unit=systemd-sysctl comm="systemd" exe="/usr/lib/systemd/systemd" hostname=? addr=? terminal=? res=success'
Sep 16 12:01:31 ip-172-31-47-213 systemd[1]: Finished systemd-vconsole-setup.service - Setup Virtual Console.
Sep 16 12:01:31 ip-172-31-47-213 kernel: audit: type=1130 audit(1758024091.930:4): pid=1 uid=0 auid=4294967295 ses=4294967295 subj=kernel msg='unit=systemd-vconsole-setup comm="systemd" exe="/usr/lib/systemd/systemd" hostname=? addr=? terminal=? res=success'
Sep 16 12:01:31 ip-172-31-47-213 systemd[1]: dracut-cmdline-ask.service - dracut ask for additional cmdline parameters was skipped because no trigger condition checks were met.
Sep 16 12:01:31 ip-172-31-47-213 systemd[1]: Starting dracut-cmdline.service - dracut cmdline hook...
Sep 16 12:01:31 ip-172-31-47-213 systemd[1]: Starting systemd-tmpfiles-setup-dev.service - Create Static Device Nodes in /dev...
Sep 16 12:01:31 ip-172-31-47-213 systemd-journald[342]: Journal started
Sep 16 12:01:31 ip-172-31-47-213 systemd-journald[342]: Runtime Journal (/run/log/journal/ec258805e4863b319aad1867113c421e) is 2.2M, max 18.0M, 15.8M free.
Sep 16 12:01:31 ip-172-31-47-213 audit[1]: SERVICE_START pid=1 uid=0 auid=4294967295 ses=4294967295 subj=kernel msg='unit=systemd-sysusers comm="systemd" exe="/usr/lib/systemd/systemd" hostname=? addr=? terminal=? res=success'
Sep 16 12:01:31 ip-172-31-47-213 audit[1]: SERVICE_START pid=1 uid=0 auid=4294967295 ses=4294967295 subj=kernel msg='unit=systemd-sysctl comm="systemd" exe="/usr/lib/systemd/systemd" hostname=? addr=? terminal=? res=success'
Sep 16 12:01:31 ip-172-31-47-213 audit[1]: SERVICE_START pid=1 uid=0 auid=4294967295 ses=4294967295 subj=kernel msg='unit=systemd-vconsole-setup comm="systemd" exe="/usr/lib/systemd/systemd" hostname=? addr=? terminal=? res=success'
Sep 16 12:01:31 ip-172-31-47-213 systemd-sysusers[344]: Creating group 'nobody' with GID 65534.
Sep 16 12:01:31 ip-172-31-47-213 systemd-sysusers[344]: Creating group 'users' with GID 100.
Sep 16 12:01:31 ip-172-31-47-213 systemd-sysusers[344]: Creating group 'systemd-journal' with GID 190.
Sep 16 12:01:31 ip-172-31-47-213 systemd[1]: Started systemd-journald.service - Journal Service.
Sep 16 12:01:31 ip-172-31-47-213 kernel: audit: type=1130 audit(1758024091.940:5): pid=1 uid=0 auid=4294967295 ses=4294967295 subj=kernel msg='unit=systemd-journald comm="systemd" exe="/usr/lib/systemd/systemd" hostname=? addr=? terminal=? res=success'
Sep 16 12:01:31 ip-172-31-47-213 kernel: audit: type=1130 audit(1758024091.940:6): pid=1 uid=0 auid=4294967295 ses=4294967295 subj=kernel msg='unit=systemd-tmpfiles-setup-dev comm="systemd" exe="/usr/lib/systemd/systemd" hostname=? addr=? terminal=? res=success'
Sep 16 12:01:31 ip-172-31-47-213 audit[1]: SERVICE_START pid=1 uid=0 auid=4294967295 ses=4294967295 subj=kernel msg='unit=systemd-journald comm="systemd" exe="/usr/lib/systemd/systemd" hostname=? addr=? terminal=? res=success'
Sep 16 12:01:31 ip-172-31-47-213 audit[1]: SERVICE_START pid=1 uid=0 auid=4294967295 ses=4294967295 subj=kernel msg='unit=systemd-tmpfiles-setup-dev comm="systemd" exe="/usr/lib/systemd/systemd" hostname=? addr=? terminal=? res=success'
Sep 16 12:01:31 ip-172-31-47-213 systemd[1]: Finished systemd-tmpfiles-setup-dev.service - Create Static Device Nodes in /dev.
Sep 16 12:01:31 ip-172-31-47-213 systemd[1]: Starting systemd-tmpfiles-setup.service - Create Volatile Files and Directories...
Sep 16 12:01:31 ip-172-31-47-213 systemd-tmpfiles[352]: /usr/lib/tmpfiles.d/var.conf:14: Duplicate line for path "/var/log", ignoring.
Sep 16 12:01:31 ip-172-31-47-213 dracut-cmdline[349]: dracut-102-3.amzn2023.0.1
Sep 16 12:01:31 ip-172-31-47-213 systemd[1]: Finished systemd-tmpfiles-setup.service - Create Volatile Files and Directories.
Sep 16 12:01:31 ip-172-31-47-213 audit[1]: SERVICE_START pid=1 uid=0 auid=4294967295 ses=4294967295 subj=kernel msg='unit=systemd-tmpfiles-setup comm="systemd" exe="/usr/lib/systemd/systemd" hostname=? addr=? terminal=? res=success'
Sep 16 12:01:31 ip-172-31-47-213 dracut-cmdline[349]: Using kernel command line parameters:    BOOT_IMAGE=(hd0,gpt1)/boot/vmlinuz-6.1.147-172.266.amzn2023.x86_64 root=UUID=62c90582-6d8a-4bf0-92e8-95e89689ef33 ro console=tty0 console=ttyS0,115200n8 nvme_core.io_timeout=4294967295 rd.emergency=poweroff rd.shell=0 selinux=1 security=selinux quiet
Sep 16 12:01:31 ip-172-31-47-213 kernel: audit: type=1130 audit(1758024091.960:7): pid=1 uid=0 auid=4294967295 ses=4294967295 subj=kernel msg='unit=systemd-tmpfiles-setup comm="systemd" exe="/usr/lib/systemd/systemd" hostname=? addr=? terminal=? res=success'
Sep 16 12:01:31 ip-172-31-47-213 systemd[1]: Finished dracut-cmdline.service - dracut cmdline hook.
Sep 16 12:01:31 ip-172-31-47-213 audit[1]: SERVICE_START pid=1 uid=0 auid=4294967295 ses=4294967295 subj=kernel msg='unit=dracut-cmdline comm="systemd" exe="/usr/lib/systemd/systemd" hostname=? addr=? terminal=? res=success'
Sep 16 12:01:31 ip-172-31-47-213 systemd[1]: dracut-pre-udev.service - dracut pre-udev hook was skipped because no trigger condition checks were met.
Sep 16 12:01:31 ip-172-31-47-213 audit: BPF prog-id=6 op=LOAD
Sep 16 12:01:31 ip-172-31-47-213 audit: BPF prog-id=7 op=LOAD
Sep 16 12:01:32 ip-172-31-47-213 kernel: audit: type=1130 audit(1758024091.990:8): pid=1 uid=0 auid=4294967295 ses=4294967295 subj=kernel msg='unit=dracut-cmdline comm="systemd" exe="/usr/lib/systemd/systemd" hostname=? addr=? terminal=? res=success'
Sep 16 12:01:32 ip-172-31-47-213 kernel: audit: type=1334 audit(1758024091.990:9): prog-id=6 op=LOAD
Sep 16 12:01:32 ip-172-31-47-213 kernel: audit: type=1334 audit(1758024091.990:10): prog-id=7 op=LOAD
Sep 16 12:01:32 ip-172-31-47-213 systemd[1]: Starting systemd-udevd.service - Rule-based Manager for Device Events and Files...
Sep 16 12:01:32 ip-172-31-47-213 systemd-udevd[406]: Using default interface naming scheme 'v252'.
Sep 16 12:01:32 ip-172-31-47-213 systemd[1]: Started systemd-udevd.service - Rule-based Manager for Device Events and Files.
Sep 16 12:01:32 ip-172-31-47-213 audit[1]: SERVICE_START pid=1 uid=0 auid=4294967295 ses=4294967295 subj=kernel msg='unit=systemd-udevd comm="systemd" exe="/usr/lib/systemd/systemd" hostname=? addr=? terminal=? res=success'
Sep 16 12:01:32 ip-172-31-47-213 systemd[1]: Starting dracut-pre-trigger.service - dracut pre-trigger hook...
Sep 16 12:01:32 ip-172-31-47-213 systemd[1]: Finished dracut-pre-trigger.service - dracut pre-trigger hook.
Sep 16 12:01:32 ip-172-31-47-213 audit[1]: SERVICE_START pid=1 uid=0 auid=4294967295 ses=4294967295 subj=kernel msg='unit=dracut-pre-trigger comm="systemd" exe="/usr/lib/systemd/systemd" hostname=? addr=? terminal=? res=success'
Sep 16 12:01:32 ip-172-31-47-213 systemd[1]: Starting systemd-udev-trigger.service - Coldplug All udev Devices...
Sep 16 12:01:32 ip-172-31-47-213 audit[1]: SERVICE_START pid=1 uid=0 auid=4294967295 ses=4294967295 subj=kernel msg='unit=systemd-udev-trigger comm="systemd" exe="/usr/lib/systemd/systemd" hostname=? addr=? terminal=? res=success'
Sep 16 12:01:32 ip-172-31-47-213 systemd[1]: Finished systemd-udev-trigger.service - Coldplug All udev Devices.
Sep 16 12:01:32 ip-172-31-47-213 systemd[1]: Reached target sysinit.target - System Initialization.
Sep 16 12:01:32 ip-172-31-47-213 systemd[1]: Reached target basic.target - Basic System.
Sep 16 12:01:32 ip-172-31-47-213 systemd[1]: dracut-initqueue.service - dracut initqueue hook was skipped because no trigger condition checks were met.
Sep 16 12:01:32 ip-172-31-47-213 systemd[1]: Reached target remote-fs-pre.target - Preparation for Remote File Systems.
Sep 16 12:01:32 ip-172-31-47-213 systemd[1]: Reached target remote-fs.target - Remote File Systems.
Sep 16 12:01:32 ip-172-31-47-213 systemd[1]: dracut-pre-mount.service - dracut pre-mount hook was skipped because no trigger condition checks were met.
Sep 16 12:01:32 ip-172-31-47-213 audit[1]: SERVICE_START pid=1 uid=0 auid=4294967295 ses=4294967295 subj=kernel msg='unit=rngd comm="systemd" exe="/usr/lib/systemd/systemd" hostname=? addr=? terminal=? res=success'
Sep 16 12:01:32 ip-172-31-47-213 systemd[1]: Started rngd.service - Hardware RNG Entropy Gatherer Daemon.
Sep 16 12:01:32 ip-172-31-47-213 rngd[522]: Disabling 7: PKCS11 Entropy generator (pkcs11)
Sep 16 12:01:32 ip-172-31-47-213 rngd[522]: Disabling 5: NIST Network Entropy Beacon (nist)
Sep 16 12:01:32 ip-172-31-47-213 rngd[522]: Initializing available sources
Sep 16 12:01:32 ip-172-31-47-213 rngd[522]: [hwrng ]: Initialization Failed
Sep 16 12:01:32 ip-172-31-47-213 rngd[522]: [rdrand]: Enabling RDSEED rng support
Sep 16 12:01:32 ip-172-31-47-213 rngd[522]: [rdrand]: Initialized
Sep 16 12:01:32 ip-172-31-47-213 rngd[522]: [jitter]: Initializing AES buffer
Sep 16 12:01:32 ip-172-31-47-213 systemd[1]: Found device dev-disk-by\x2duuid-62c90582\x2d6d8a\x2d4bf0\x2d92e8\x2d95e89689ef33.device - Amazon Elastic Block Store /.
Sep 16 12:01:32 ip-172-31-47-213 systemd[1]: Reached target initrd-root-device.target - Initrd Root Device.
Sep 16 12:01:32 ip-172-31-47-213 systemd[1]: Mounting sysroot.mount - /sysroot...
Sep 16 12:01:33 ip-172-31-47-213 kernel: XFS (nvme0n1p1): Mounting V5 Filesystem
Sep 16 12:01:33 ip-172-31-47-213 systemd[1]: Mounted sysroot.mount - /sysroot.
Sep 16 12:01:33 ip-172-31-47-213 kernel: XFS (nvme0n1p1): Ending clean mount
Sep 16 12:01:33 ip-172-31-47-213 systemd[1]: Reached target initrd-root-fs.target - Initrd Root File System.
Sep 16 12:01:33 ip-172-31-47-213 systemd[1]: Starting initrd-parse-etc.service - Mountpoints Configured in the Real Root...
Sep 16 12:01:33 ip-172-31-47-213 systemd[1]: initrd-parse-etc.service: Deactivated successfully.
Sep 16 12:01:33 ip-172-31-47-213 systemd[1]: Finished initrd-parse-etc.service - Mountpoints Configured in the Real Root.
Sep 16 12:01:33 ip-172-31-47-213 audit[1]: SERVICE_START pid=1 uid=0 auid=4294967295 ses=4294967295 subj=kernel msg='unit=initrd-parse-etc comm="systemd" exe="/usr/lib/systemd/systemd" hostname=? addr=? terminal=? res=success'
Sep 16 12:01:33 ip-172-31-47-213 audit[1]: SERVICE_STOP pid=1 uid=0 auid=4294967295 ses=4294967295 subj=kernel msg='unit=initrd-parse-etc comm="systemd" exe="/usr/lib/systemd/systemd" hostname=? addr=? terminal=? res=success'
Sep 16 12:01:33 ip-172-31-47-213 systemd[1]: Reached target initrd-fs.target - Initrd File Systems.
Sep 16 12:01:33 ip-172-31-47-213 systemd[1]: Reached target initrd.target - Initrd Default Target.
Sep 16 12:01:33 ip-172-31-47-213 systemd[1]: dracut-mount.service - dracut mount hook was skipped because no trigger condition checks were met.
Sep 16 12:01:33 ip-172-31-47-213 systemd[1]: dracut-pre-pivot.service - dracut pre-pivot and cleanup hook was skipped because no trigger condition checks were met.
Sep 16 12:01:33 ip-172-31-47-213 systemd[1]: Starting initrd-cleanup.service - Cleaning Up and Shutting Down Daemons...
Sep 16 12:01:33 ip-172-31-47-213 systemd[1]: Stopped target initrd.target - Initrd Default Target.
Sep 16 12:01:33 ip-172-31-47-213 systemd[1]: Stopped target initrd-root-device.target - Initrd Root Device.
Sep 16 12:01:33 ip-172-31-47-213 systemd[1]: Stopped target initrd-usr-fs.target - Initrd /usr File System.
Sep 16 12:01:33 ip-172-31-47-213 systemd[1]: Stopped target remote-fs.target - Remote File Systems.
Sep 16 12:01:33 ip-172-31-47-213 systemd[1]: Stopped target remote-fs-pre.target - Preparation for Remote File Systems.
Sep 16 12:01:33 ip-172-31-47-213 systemd[1]: Stopped target timers.target - Timer Units.
Sep 16 12:01:33 ip-172-31-47-213 systemd[1]: dracut-cmdline.service: Deactivated successfully.
Sep 16 12:01:33 ip-172-31-47-213 systemd[1]: Stopped dracut-cmdline.service - dracut cmdline hook.
Sep 16 12:01:33 ip-172-31-47-213 audit[1]: SERVICE_STOP pid=1 uid=0 auid=4294967295 ses=4294967295 subj=kernel msg='unit=dracut-cmdline comm="systemd" exe="/usr/lib/systemd/systemd" hostname=? addr=? terminal=? res=success'
Sep 16 12:01:33 ip-172-31-47-213 systemd[1]: Stopping rngd.service - Hardware RNG Entropy Gatherer Daemon...
Sep 16 12:01:33 ip-172-31-47-213 systemd[1]: systemd-vconsole-setup.service: Deactivated successfully.
Sep 16 12:01:33 ip-172-31-47-213 systemd[1]: Stopped systemd-vconsole-setup.service - Setup Virtual Console.
Sep 16 12:01:33 ip-172-31-47-213 audit[1]: SERVICE_STOP pid=1 uid=0 auid=4294967295 ses=4294967295 subj=kernel msg='unit=systemd-vconsole-setup comm="systemd" exe="/usr/lib/systemd/systemd" hostname=? addr=? terminal=? res=success'
Sep 16 12:01:33 ip-172-31-47-213 systemd[1]: initrd-cleanup.service: Deactivated successfully.
Sep 16 12:01:33 ip-172-31-47-213 systemd[1]: Finished initrd-cleanup.service - Cleaning Up and Shutting Down Daemons.
Sep 16 12:01:33 ip-172-31-47-213 audit[1]: SERVICE_START pid=1 uid=0 auid=4294967295 ses=4294967295 subj=kernel msg='unit=initrd-cleanup comm="systemd" exe="/usr/lib/systemd/systemd" hostname=? addr=? terminal=? res=success'
Sep 16 12:01:33 ip-172-31-47-213 audit[1]: SERVICE_STOP pid=1 uid=0 auid=4294967295 ses=4294967295 subj=kernel msg='unit=initrd-cleanup comm="systemd" exe="/usr/lib/systemd/systemd" hostname=? addr=? terminal=? res=success'
Sep 16 12:01:33 ip-172-31-47-213 systemd[1]: rngd.service: Deactivated successfully.
Sep 16 12:01:33 ip-172-31-47-213 systemd[1]: Stopped rngd.service - Hardware RNG Entropy Gatherer Daemon.
Sep 16 12:01:33 ip-172-31-47-213 systemd[1]: rngd.service: Consumed 1.924s CPU time.
Sep 16 12:01:33 ip-172-31-47-213 audit[1]: SERVICE_STOP pid=1 uid=0 auid=4294967295 ses=4294967295 subj=kernel msg='unit=rngd comm="systemd" exe="/usr/lib/systemd/systemd" hostname=? addr=? terminal=? res=success'
Sep 16 12:01:33 ip-172-31-47-213 systemd[1]: Stopped target basic.target - Basic System.
Sep 16 12:01:33 ip-172-31-47-213 systemd[1]: Stopped target paths.target - Path Units.
Sep 16 12:01:33 ip-172-31-47-213 systemd[1]: systemd-ask-password-console.path: Deactivated successfully.
Sep 16 12:01:33 ip-172-31-47-213 systemd[1]: Stopped systemd-ask-password-console.path - Dispatch Password Requests to Console Directory Watch.
Sep 16 12:01:33 ip-172-31-47-213 systemd[1]: Stopped target slices.target - Slice Units.
Sep 16 12:01:33 ip-172-31-47-213 systemd[1]: Stopped target sockets.target - Socket Units.
Sep 16 12:01:33 ip-172-31-47-213 systemd[1]: Stopped target sysinit.target - System Initialization.
Sep 16 12:01:33 ip-172-31-47-213 systemd[1]: Stopped target swap.target - Swaps.
Sep 16 12:01:33 ip-172-31-47-213 systemd[1]: systemd-sysctl.service: Deactivated successfully.
Sep 16 12:01:33 ip-172-31-47-213 systemd[1]: Stopped systemd-sysctl.service - Apply Kernel Variables.
Sep 16 12:01:33 ip-172-31-47-213 audit[1]: SERVICE_STOP pid=1 uid=0 auid=4294967295 ses=4294967295 subj=kernel msg='unit=systemd-sysctl comm="systemd" exe="/usr/lib/systemd/systemd" hostname=? addr=? terminal=? res=success'
Sep 16 12:01:33 ip-172-31-47-213 systemd[1]: systemd-tmpfiles-setup.service: Deactivated successfully.
Sep 16 12:01:33 ip-172-31-47-213 systemd[1]: Stopped systemd-tmpfiles-setup.service - Create Volatile Files and Directories.
Sep 16 12:01:33 ip-172-31-47-213 audit[1]: SERVICE_STOP pid=1 uid=0 auid=4294967295 ses=4294967295 subj=kernel msg='unit=systemd-tmpfiles-setup comm="systemd" exe="/usr/lib/systemd/systemd" hostname=? addr=? terminal=? res=success'
Sep 16 12:01:33 ip-172-31-47-213 systemd[1]: Stopped target local-fs.target - Local File Systems.
Sep 16 12:01:33 ip-172-31-47-213 systemd[1]: systemd-udev-trigger.service: Deactivated successfully.
Sep 16 12:01:33 ip-172-31-47-213 systemd[1]: Stopped systemd-udev-trigger.service - Coldplug All udev Devices.
Sep 16 12:01:33 ip-172-31-47-213 audit[1]: SERVICE_STOP pid=1 uid=0 auid=4294967295 ses=4294967295 subj=kernel msg='unit=systemd-udev-trigger comm="systemd" exe="/usr/lib/systemd/systemd" hostname=? addr=? terminal=? res=success'
Sep 16 12:01:33 ip-172-31-47-213 systemd[1]: dracut-pre-trigger.service: Deactivated successfully.
Sep 16 12:01:33 ip-172-31-47-213 systemd[1]: Stopped dracut-pre-trigger.service - dracut pre-trigger hook.
Sep 16 12:01:33 ip-172-31-47-213 audit[1]: SERVICE_STOP pid=1 uid=0 auid=4294967295 ses=4294967295 subj=kernel msg='unit=dracut-pre-trigger comm="systemd" exe="/usr/lib/systemd/systemd" hostname=? addr=? terminal=? res=success'
Sep 16 12:01:33 ip-172-31-47-213 systemd[1]: Stopping systemd-udevd.service - Rule-based Manager for Device Events and Files...
Sep 16 12:01:33 ip-172-31-47-213 systemd[1]: run-credentials-systemd\x2dtmpfiles\x2dsetup.service.mount: Deactivated successfully.
Sep 16 12:01:33 ip-172-31-47-213 systemd[1]: run-credentials-systemd\x2dsysctl.service.mount: Deactivated successfully.
Sep 16 12:01:33 ip-172-31-47-213 systemd[1]: systemd-udevd.service: Deactivated successfully.
Sep 16 12:01:33 ip-172-31-47-213 systemd[1]: Stopped systemd-udevd.service - Rule-based Manager for Device Events and Files.
Sep 16 12:01:33 ip-172-31-47-213 audit[1]: SERVICE_STOP pid=1 uid=0 auid=4294967295 ses=4294967295 subj=kernel msg='unit=systemd-udevd comm="systemd" exe="/usr/lib/systemd/systemd" hostname=? addr=? terminal=? res=success'
Sep 16 12:01:33 ip-172-31-47-213 systemd[1]: systemd-udevd-control.socket: Deactivated successfully.
Sep 16 12:01:33 ip-172-31-47-213 systemd[1]: Closed systemd-udevd-control.socket - udev Control Socket.
Sep 16 12:01:33 ip-172-31-47-213 systemd[1]: systemd-udevd-kernel.socket: Deactivated successfully.
Sep 16 12:01:33 ip-172-31-47-213 systemd[1]: Closed systemd-udevd-kernel.socket - udev Kernel Socket.
Sep 16 12:01:33 ip-172-31-47-213 audit[1]: SERVICE_STOP pid=1 uid=0 auid=4294967295 ses=4294967295 subj=kernel msg='unit=systemd-tmpfiles-setup-dev comm="systemd" exe="/usr/lib/systemd/systemd" hostname=? addr=? terminal=? res=success'
Sep 16 12:01:33 ip-172-31-47-213 systemd[1]: Starting initrd-udevadm-cleanup-db.service - Cleanup udev Database...
Sep 16 12:01:33 ip-172-31-47-213 systemd[1]: systemd-tmpfiles-setup-dev.service: Deactivated successfully.
Sep 16 12:01:33 ip-172-31-47-213 systemd[1]: Stopped systemd-tmpfiles-setup-dev.service - Create Static Device Nodes in /dev.
Sep 16 12:01:33 ip-172-31-47-213 audit[1]: SERVICE_STOP pid=1 uid=0 auid=4294967295 ses=4294967295 subj=kernel msg='unit=systemd-sysusers comm="systemd" exe="/usr/lib/systemd/systemd" hostname=? addr=? terminal=? res=success'
Sep 16 12:01:33 ip-172-31-47-213 systemd[1]: systemd-sysusers.service: Deactivated successfully.
Sep 16 12:01:33 ip-172-31-47-213 systemd[1]: Stopped systemd-sysusers.service - Create System Users.
Sep 16 12:01:33 ip-172-31-47-213 systemd[1]: run-credentials-systemd\x2dtmpfiles\x2dsetup\x2ddev.service.mount: Deactivated successfully.
Sep 16 12:01:33 ip-172-31-47-213 systemd[1]: run-credentials-systemd\x2dsysusers.service.mount: Deactivated successfully.
Sep 16 12:01:33 ip-172-31-47-213 systemd[1]: initrd-udevadm-cleanup-db.service: Deactivated successfully.
Sep 16 12:01:33 ip-172-31-47-213 systemd[1]: Finished initrd-udevadm-cleanup-db.service - Cleanup udev Database.
Sep 16 12:01:33 ip-172-31-47-213 audit[1]: SERVICE_START pid=1 uid=0 auid=4294967295 ses=4294967295 subj=kernel msg='unit=initrd-udevadm-cleanup-db comm="systemd" exe="/usr/lib/systemd/systemd" hostname=? addr=? terminal=? res=success'
Sep 16 12:01:33 ip-172-31-47-213 audit[1]: SERVICE_STOP pid=1 uid=0 auid=4294967295 ses=4294967295 subj=kernel msg='unit=initrd-udevadm-cleanup-db comm="systemd" exe="/usr/lib/systemd/systemd" hostname=? addr=? terminal=? res=success'
Sep 16 12:01:33 ip-172-31-47-213 systemd[1]: Reached target initrd-switch-root.target - Switch Root.
Sep 16 12:01:33 ip-172-31-47-213 systemd[1]: Starting initrd-switch-root.service - Switch Root...
Sep 16 12:01:33 ip-172-31-47-213 systemd[1]: Switching root.
Sep 16 12:01:33 ip-172-31-47-213 systemd-journald[342]: Journal stopped
Sep 16 12:01:34 ip-172-31-47-213 systemd-journald[342]: Received SIGTERM from PID 1 (systemd).
Sep 16 12:01:34 ip-172-31-47-213 kernel: SELinux:  Class user_namespace not defined in policy.
Sep 16 12:01:34 ip-172-31-47-213 kernel: SELinux: the above unknown classes and permissions will be allowed
Sep 16 12:01:34 ip-172-31-47-213 kernel: SELinux:  policy capability network_peer_controls=1
Sep 16 12:01:34 ip-172-31-47-213 kernel: SELinux:  policy capability open_perms=1
Sep 16 12:01:34 ip-172-31-47-213 kernel: SELinux:  policy capability extended_socket_class=1
Sep 16 12:01:34 ip-172-31-47-213 kernel: SELinux:  policy capability always_check_network=0
Sep 16 12:01:34 ip-172-31-47-213 kernel: SELinux:  policy capability cgroup_seclabel=1
Sep 16 12:01:34 ip-172-31-47-213 kernel: SELinux:  policy capability nnp_nosuid_transition=1
Sep 16 12:01:34 ip-172-31-47-213 kernel: SELinux:  policy capability genfs_seclabel_symlinks=1
Sep 16 12:01:34 ip-172-31-47-213 kernel: SELinux:  policy capability ioctl_skip_cloexec=0
Sep 16 12:01:34 ip-172-31-47-213 systemd[1]: Successfully loaded SELinux policy in 135.370ms.
Sep 16 12:01:34 ip-172-31-47-213 systemd[1]: Relabelled /dev, /dev/shm, /run, /sys/fs/cgroup in 20.259ms.
Sep 16 12:01:34 ip-172-31-47-213 systemd[1]: systemd 252.23-6.amzn2023 running in system mode (+PAM +AUDIT +SELINUX -APPARMOR +IMA +SMACK +SECCOMP -GCRYPT -GNUTLS +OPENSSL +ACL +BLKID +CURL +ELFUTILS +FIDO2 +IDN2 -IDN -IPTC +KMOD +LIBCRYPTSETUP +LIBFDISK +PCRE2 +PWQUALITY +P11KIT +QRENCODE +TPM2 -BZIP2 -LZ4 +XZ +ZLIB -ZSTD +BPF_FRAMEWORK +XKBCOMMON +UTMP +SYSVINIT default-hierarchy=unified)
Sep 16 12:01:34 ip-172-31-47-213 systemd[1]: Detected virtualization amazon.
Sep 16 12:01:34 ip-172-31-47-213 systemd[1]: Detected architecture x86-64.
Sep 16 12:01:34 ip-172-31-47-213 systemd[1]: Hostname set to <ip-172-31-47-213.ap-southeast-1.compute.internal>.
Sep 16 12:01:34 ip-172-31-47-213 systemd[1]: bpf-lsm: LSM BPF program attached
Sep 16 12:01:34 ip-172-31-47-213 zram_generator::config[806]: zram0: system has too much memory (904MB), limit is 800MB, ignoring.
Sep 16 12:01:34 ip-172-31-47-213 systemd[1]: /usr/lib/systemd/system/acpid.socket:6: ListenStream= references a path below legacy directory /var/run/, updating /var/run/acpid.socket  /run/acpid.socket; please update the unit file accordingly.
Sep 16 12:01:34 ip-172-31-47-213 systemd[1]: initrd-switch-root.service: Deactivated successfully.
Sep 16 12:01:34 ip-172-31-47-213 systemd[1]: Stopped initrd-switch-root.service - Switch Root.
Sep 16 12:01:34 ip-172-31-47-213 systemd[1]: systemd-journald.service: Scheduled restart job, restart counter is at 1.
Sep 16 12:01:34 ip-172-31-47-213 systemd[1]: Created slice system-getty.slice - Slice /system/getty.
Sep 16 12:01:34 ip-172-31-47-213 systemd[1]: Created slice system-modprobe.slice - Slice /system/modprobe.
Sep 16 12:01:34 ip-172-31-47-213 systemd[1]: Created slice system-serial\x2dgetty.slice - Slice /system/serial-getty.
Sep 16 12:01:34 ip-172-31-47-213 systemd[1]: Created slice system-sshd\x2dkeygen.slice - Slice /system/sshd-keygen.
Sep 16 12:01:34 ip-172-31-47-213 systemd[1]: Created slice user.slice - User and Session Slice.
Sep 16 12:01:34 ip-172-31-47-213 systemd[1]: Started systemd-ask-password-console.path - Dispatch Password Requests to Console Directory Watch.
Sep 16 12:01:34 ip-172-31-47-213 systemd[1]: Started systemd-ask-password-wall.path - Forward Password Requests to Wall Directory Watch.
Sep 16 12:01:34 ip-172-31-47-213 systemd[1]: Set up automount proc-sys-fs-binfmt_misc.automount - Arbitrary Executable File Formats File System Automount Point.
Sep 16 12:01:34 ip-172-31-47-213 systemd[1]: Expecting device dev-ttyS0.device - /dev/ttyS0...
Sep 16 12:01:34 ip-172-31-47-213 systemd[1]: Reached target aws-eb.target.
Sep 16 12:01:34 ip-172-31-47-213 systemd[1]: Reached target cryptsetup.target - Local Encrypted Volumes.
Sep 16 12:01:34 ip-172-31-47-213 systemd[1]: Stopped target initrd-switch-root.target - Switch Root.
Sep 16 12:01:34 ip-172-31-47-213 systemd[1]: Stopped target initrd-fs.target - Initrd File Systems.
Sep 16 12:01:34 ip-172-31-47-213 systemd[1]: Stopped target initrd-root-fs.target - Initrd Root File System.
Sep 16 12:01:34 ip-172-31-47-213 systemd[1]: Reached target integritysetup.target - Local Integrity Protected Volumes.
Sep 16 12:01:34 ip-172-31-47-213 systemd[1]: Reached target paths.target - Path Units.
Sep 16 12:01:34 ip-172-31-47-213 systemd[1]: Reached target slices.target - Slice Units.
Sep 16 12:01:34 ip-172-31-47-213 systemd[1]: Reached target swap.target - Swaps.
Sep 16 12:01:34 ip-172-31-47-213 systemd[1]: Reached target veritysetup.target - Local Verity Protected Volumes.
Sep 16 12:01:34 ip-172-31-47-213 systemd[1]: Listening on systemd-coredump.socket - Process Core Dump Socket.
Sep 16 12:01:34 ip-172-31-47-213 systemd[1]: Listening on systemd-initctl.socket - initctl Compatibility Named Pipe.
Sep 16 12:01:34 ip-172-31-47-213 systemd[1]: Listening on systemd-networkd.socket - Network Service Netlink Socket.
Sep 16 12:01:34 ip-172-31-47-213 systemd[1]: Listening on systemd-udevd-control.socket - udev Control Socket.
Sep 16 12:01:34 ip-172-31-47-213 systemd[1]: Listening on systemd-udevd-kernel.socket - udev Kernel Socket.
Sep 16 12:01:34 ip-172-31-47-213 systemd[1]: Listening on systemd-userdbd.socket - User Database Manager Socket.
Sep 16 12:01:34 ip-172-31-47-213 systemd[1]: Mounting dev-hugepages.mount - Huge Pages File System...
Sep 16 12:01:34 ip-172-31-47-213 systemd[1]: Mounting dev-mqueue.mount - POSIX Message Queue File System...
Sep 16 12:01:34 ip-172-31-47-213 systemd[1]: Mounting sys-kernel-debug.mount - Kernel Debug File System...
Sep 16 12:01:34 ip-172-31-47-213 systemd[1]: Mounting sys-kernel-tracing.mount - Kernel Trace File System...
Sep 16 12:01:34 ip-172-31-47-213 systemd[1]: Mounting tmp.mount - Temporary Directory /tmp...
Sep 16 12:01:34 ip-172-31-47-213 systemd[1]: auth-rpcgss-module.service - Kernel Module supporting RPCSEC_GSS was skipped because of an unmet condition check (ConditionPathExists=/etc/krb5.keytab).
Sep 16 12:01:34 ip-172-31-47-213 systemd[1]: Starting kmod-static-nodes.service - Create List of Static Device Nodes...
Sep 16 12:01:34 ip-172-31-47-213 systemd[1]: Starting modprobe@configfs.service - Load Kernel Module configfs...
Sep 16 12:01:34 ip-172-31-47-213 systemd[1]: Starting modprobe@dm_mod.service - Load Kernel Module dm_mod...
Sep 16 12:01:34 ip-172-31-47-213 systemd[1]: Starting modprobe@drm.service - Load Kernel Module drm...
Sep 16 12:01:34 ip-172-31-47-213 systemd[1]: Starting modprobe@efi_pstore.service - Load Kernel Module efi_pstore...
Sep 16 12:01:34 ip-172-31-47-213 systemd[1]: Starting modprobe@fuse.service - Load Kernel Module fuse...
Sep 16 12:01:34 ip-172-31-47-213 systemd[1]: Starting modprobe@loop.service - Load Kernel Module loop...
Sep 16 12:01:34 ip-172-31-47-213 systemd[1]: Starting nfs-convert.service - Preprocess NFS configuration convertion...
Sep 16 12:01:34 ip-172-31-47-213 systemd[1]: Starting systemd-fsck-root.service - File System Check on Root Device...
Sep 16 12:01:34 ip-172-31-47-213 systemd[1]: Stopped systemd-journald.service - Journal Service.
Sep 16 12:01:34 ip-172-31-47-213 systemd[1]: Starting systemd-journald.service - Journal Service...
Sep 16 12:01:34 ip-172-31-47-213 systemd[1]: systemd-modules-load.service - Load Kernel Modules was skipped because no trigger condition checks were met.
Sep 16 12:01:34 ip-172-31-47-213 systemd[1]: Starting systemd-network-generator.service - Generate network units from Kernel command line...
Sep 16 12:01:34 ip-172-31-47-213 systemd[1]: Starting systemd-sysctl.service - Apply Kernel Variables...
Sep 16 12:01:34 ip-172-31-47-213 systemd[1]: Starting systemd-udev-trigger.service - Coldplug All udev Devices...
Sep 16 12:01:34 ip-172-31-47-213 systemd[1]: Mounted dev-hugepages.mount - Huge Pages File System.
Sep 16 12:01:34 ip-172-31-47-213 systemd[1]: Mounted dev-mqueue.mount - POSIX Message Queue File System.
Sep 16 12:01:34 ip-172-31-47-213 systemd[1]: Mounted sys-kernel-debug.mount - Kernel Debug File System.
Sep 16 12:01:34 ip-172-31-47-213 systemd[1]: Mounted sys-kernel-tracing.mount - Kernel Trace File System.
Sep 16 12:01:34 ip-172-31-47-213 systemd[1]: Mounted tmp.mount - Temporary Directory /tmp.
Sep 16 12:01:34 ip-172-31-47-213 systemd[1]: Finished kmod-static-nodes.service - Create List of Static Device Nodes.
Sep 16 12:01:34 ip-172-31-47-213 systemd[1]: modprobe@drm.service: Deactivated successfully.
Sep 16 12:01:34 ip-172-31-47-213 systemd-journald[828]: Journal started
Sep 16 12:01:34 ip-172-31-47-213 systemd-journald[828]: Runtime Journal (/run/log/journal/ec28293e8d31ae5bc46e2de918948100) is 2.2M, max 18.0M, 15.8M free.
Sep 16 12:01:34 ip-172-31-47-213 audit: MAC_POLICY_LOAD auid=4294967295 ses=4294967295 lsm=selinux res=1
Sep 16 12:01:34 ip-172-31-47-213 audit: BPF prog-id=8 op=LOAD
Sep 16 12:01:34 ip-172-31-47-213 audit: BPF prog-id=8 op=UNLOAD
Sep 16 12:01:34 ip-172-31-47-213 audit: BPF prog-id=9 op=LOAD
Sep 16 12:01:34 ip-172-31-47-213 audit: BPF prog-id=9 op=UNLOAD
Sep 16 12:01:34 ip-172-31-47-213 audit: BPF prog-id=10 op=LOAD
Sep 16 12:01:34 ip-172-31-47-213 audit: BPF prog-id=10 op=UNLOAD
Sep 16 12:01:34 ip-172-31-47-213 audit: BPF prog-id=11 op=LOAD
Sep 16 12:01:34 ip-172-31-47-213 audit: BPF prog-id=11 op=UNLOAD
Sep 16 12:01:34 ip-172-31-47-213 audit: BPF prog-id=12 op=LOAD
Sep 16 12:01:34 ip-172-31-47-213 audit: BPF prog-id=12 op=UNLOAD
Sep 16 12:01:34 ip-172-31-47-213 audit: BPF prog-id=13 op=LOAD
Sep 16 12:01:34 ip-172-31-47-213 audit: BPF prog-id=13 op=UNLOAD
Sep 16 12:01:34 ip-172-31-47-213 audit: BPF prog-id=14 op=LOAD
Sep 16 12:01:34 ip-172-31-47-213 audit: BPF prog-id=15 op=LOAD
Sep 16 12:01:34 ip-172-31-47-213 audit: BPF prog-id=14 op=UNLOAD
Sep 16 12:01:34 ip-172-31-47-213 audit: BPF prog-id=15 op=UNLOAD
Sep 16 12:01:34 ip-172-31-47-213 audit: BPF prog-id=16 op=LOAD
Sep 16 12:01:34 ip-172-31-47-213 audit: BPF prog-id=16 op=UNLOAD
Sep 16 12:01:34 ip-172-31-47-213 audit: BPF prog-id=17 op=LOAD
Sep 16 12:01:34 ip-172-31-47-213 audit: BPF prog-id=17 op=UNLOAD
Sep 16 12:01:34 ip-172-31-47-213 audit: BPF prog-id=18 op=LOAD
Sep 16 12:01:34 ip-172-31-47-213 audit: BPF prog-id=18 op=UNLOAD
Sep 16 12:01:34 ip-172-31-47-213 audit: BPF prog-id=19 op=LOAD
Sep 16 12:01:34 ip-172-31-47-213 audit: BPF prog-id=19 op=UNLOAD
Sep 16 12:01:34 ip-172-31-47-213 audit: BPF prog-id=20 op=LOAD
Sep 16 12:01:34 ip-172-31-47-213 audit: BPF prog-id=21 op=LOAD
Sep 16 12:01:34 ip-172-31-47-213 audit: BPF prog-id=21 op=UNLOAD
Sep 16 12:01:34 ip-172-31-47-213 audit: BPF prog-id=22 op=LOAD
Sep 16 12:01:34 ip-172-31-47-213 audit: BPF prog-id=20 op=UNLOAD
Sep 16 12:01:34 ip-172-31-47-213 audit: BPF prog-id=22 op=UNLOAD
Sep 16 12:01:34 ip-172-31-47-213 audit: BPF prog-id=23 op=LOAD
Sep 16 12:01:34 ip-172-31-47-213 audit: BPF prog-id=23 op=UNLOAD
Sep 16 12:01:34 ip-172-31-47-213 audit: BPF prog-id=24 op=LOAD
Sep 16 12:01:34 ip-172-31-47-213 audit: BPF prog-id=24 op=UNLOAD
Sep 16 12:01:34 ip-172-31-47-213 audit: BPF prog-id=25 op=LOAD
Sep 16 12:01:34 ip-172-31-47-213 audit: BPF prog-id=25 op=UNLOAD
Sep 16 12:01:34 ip-172-31-47-213 audit: BPF prog-id=26 op=LOAD
Sep 16 12:01:34 ip-172-31-47-213 audit: BPF prog-id=26 op=UNLOAD
Sep 16 12:01:34 ip-172-31-47-213 audit: BPF prog-id=27 op=LOAD
Sep 16 12:01:34 ip-172-31-47-213 audit: BPF prog-id=28 op=LOAD
Sep 16 12:01:34 ip-172-31-47-213 audit: BPF prog-id=3 op=UNLOAD
Sep 16 12:01:34 ip-172-31-47-213 audit: BPF prog-id=29 op=LOAD
Sep 16 12:01:34 ip-172-31-47-213 audit: BPF prog-id=30 op=LOAD
Sep 16 12:01:34 ip-172-31-47-213 audit: BPF prog-id=4 op=UNLOAD
Sep 16 12:01:34 ip-172-31-47-213 audit: BPF prog-id=5 op=UNLOAD
Sep 16 12:01:34 ip-172-31-47-213 audit[1]: SERVICE_STOP pid=1 uid=0 auid=4294967295 ses=4294967295 subj=system_u:system_r:init_t:s0 msg='unit=systemd-journald comm="systemd" exe="/usr/lib/systemd/systemd" hostname=? addr=? terminal=? res=success'
Sep 16 12:01:34 ip-172-31-47-213 audit: BPF prog-id=28 op=UNLOAD
Sep 16 12:01:34 ip-172-31-47-213 audit[1]: SERVICE_START pid=1 uid=0 auid=4294967295 ses=4294967295 subj=system_u:system_r:init_t:s0 msg='unit=initrd-switch-root comm="systemd" exe="/usr/lib/systemd/systemd" hostname=? addr=? terminal=? res=success'
Sep 16 12:01:34 ip-172-31-47-213 audit[1]: SERVICE_STOP pid=1 uid=0 auid=4294967295 ses=4294967295 subj=system_u:system_r:init_t:s0 msg='unit=initrd-switch-root comm="systemd" exe="/usr/lib/systemd/systemd" hostname=? addr=? terminal=? res=success'
Sep 16 12:01:34 ip-172-31-47-213 audit[1]: SERVICE_START pid=1 uid=0 auid=4294967295 ses=4294967295 subj=system_u:system_r:init_t:s0 msg='unit=systemd-journald comm="systemd" exe="/usr/lib/systemd/systemd" hostname=? addr=? terminal=? res=success'
Sep 16 12:01:34 ip-172-31-47-213 audit[1]: SERVICE_STOP pid=1 uid=0 auid=4294967295 ses=4294967295 subj=system_u:system_r:init_t:s0 msg='unit=systemd-journald comm="systemd" exe="/usr/lib/systemd/systemd" hostname=? addr=? terminal=? res=success'
Sep 16 12:01:34 ip-172-31-47-213 audit: BPF prog-id=31 op=LOAD
Sep 16 12:01:34 ip-172-31-47-213 audit: BPF prog-id=32 op=LOAD
Sep 16 12:01:34 ip-172-31-47-213 audit: BPF prog-id=33 op=LOAD
Sep 16 12:01:34 ip-172-31-47-213 audit[1]: SERVICE_START pid=1 uid=0 auid=4294967295 ses=4294967295 subj=system_u:system_r:init_t:s0 msg='unit=kmod-static-nodes comm="systemd" exe="/usr/lib/systemd/systemd" hostname=? addr=? terminal=? res=success'
Sep 16 12:01:34 ip-172-31-47-213 audit: BPF prog-id=30 op=UNLOAD
Sep 16 12:01:34 ip-172-31-47-213 audit: BPF prog-id=29 op=UNLOAD
Sep 16 12:01:34 ip-172-31-47-213 audit: CONFIG_CHANGE op=set audit_enabled=1 old=1 auid=4294967295 ses=4294967295 subj=system_u:system_r:syslogd_t:s0 res=1
Sep 16 12:01:34 ip-172-31-47-213 audit[828]: SYSCALL arch=c000003e syscall=46 success=yes exit=60 a0=4 a1=7fff6971c010 a2=4000 a3=7fff6971c09c items=0 ppid=1 pid=828 auid=4294967295 uid=0 gid=0 euid=0 suid=0 fsuid=0 egid=0 sgid=0 fsgid=0 tty=(none) ses=4294967295 comm="systemd-journal" exe="/usr/lib/systemd/systemd-journald" subj=system_u:system_r:syslogd_t:s0 key=(null)
Sep 16 12:01:34 ip-172-31-47-213 audit: PROCTITLE proctitle="/usr/lib/systemd/systemd-journald"
Sep 16 12:01:34 ip-172-31-47-213 audit[1]: SERVICE_START pid=1 uid=0 auid=4294967295 ses=4294967295 subj=system_u:system_r:init_t:s0 msg='unit=modprobe@drm comm="systemd" exe="/usr/lib/systemd/systemd" hostname=? addr=? terminal=? res=success'
Sep 16 12:01:34 ip-172-31-47-213 audit[1]: SERVICE_STOP pid=1 uid=0 auid=4294967295 ses=4294967295 subj=system_u:system_r:init_t:s0 msg='unit=modprobe@drm comm="systemd" exe="/usr/lib/systemd/systemd" hostname=? addr=? terminal=? res=success'
Sep 16 12:01:34 ip-172-31-47-213 audit[1]: SERVICE_START pid=1 uid=0 auid=4294967295 ses=4294967295 subj=system_u:system_r:init_t:s0 msg='unit=systemd-journald comm="systemd" exe="/usr/lib/systemd/systemd" hostname=? addr=? terminal=? res=success'
Sep 16 12:01:34 ip-172-31-47-213 systemd[1]: Queued start job for default target graphical.target.
Sep 16 12:01:34 ip-172-31-47-213 kernel: device-mapper: core: CONFIG_IMA_DISABLE_HTABLE is disabled. Duplicate IMA measurements will not be recorded in the IMA log.
Sep 16 12:01:34 ip-172-31-47-213 kernel: device-mapper: uevent: version 1.0.3
Sep 16 12:01:34 ip-172-31-47-213 systemd[1]: Finished modprobe@drm.service - Load Kernel Module drm.
Sep 16 12:01:34 ip-172-31-47-213 systemd[1]: Started systemd-journald.service - Journal Service.
Sep 16 12:01:34 ip-172-31-47-213 kernel: device-mapper: ioctl: 4.47.0-ioctl (2022-07-28) initialised: dm-devel@redhat.com
Sep 16 12:01:34 ip-172-31-47-213 systemd[1]: systemd-journald.service: Deactivated successfully.
Sep 16 12:01:34 ip-172-31-47-213 systemd[1]: modprobe@configfs.service: Deactivated successfully.
Sep 16 12:01:34 ip-172-31-47-213 kernel: fuse: init (API version 7.38)
Sep 16 12:01:34 ip-172-31-47-213 systemd[1]: Finished modprobe@configfs.service - Load Kernel Module configfs.
Sep 16 12:01:34 ip-172-31-47-213 audit[1]: SERVICE_START pid=1 uid=0 auid=4294967295 ses=4294967295 subj=system_u:system_r:init_t:s0 msg='unit=modprobe@configfs comm="systemd" exe="/usr/lib/systemd/systemd" hostname=? addr=? terminal=? res=success'
Sep 16 12:01:34 ip-172-31-47-213 audit[1]: SERVICE_STOP pid=1 uid=0 auid=4294967295 ses=4294967295 subj=system_u:system_r:init_t:s0 msg='unit=modprobe@configfs comm="systemd" exe="/usr/lib/systemd/systemd" hostname=? addr=? terminal=? res=success'
Sep 16 12:01:34 ip-172-31-47-213 systemd[1]: modprobe@dm_mod.service: Deactivated successfully.
Sep 16 12:01:34 ip-172-31-47-213 systemd-fsck[851]: /usr/sbin/fsck.xfs: XFS file system.
Sep 16 12:01:34 ip-172-31-47-213 kernel: loop: module loaded
Sep 16 12:01:34 ip-172-31-47-213 systemd[1]: Finished modprobe@dm_mod.service - Load Kernel Module dm_mod.
Sep 16 12:01:34 ip-172-31-47-213 audit[1]: SERVICE_START pid=1 uid=0 auid=4294967295 ses=4294967295 subj=system_u:system_r:init_t:s0 msg='unit=modprobe@dm_mod comm="systemd" exe="/usr/lib/systemd/systemd" hostname=? addr=? terminal=? res=success'
Sep 16 12:01:34 ip-172-31-47-213 audit[1]: SERVICE_STOP pid=1 uid=0 auid=4294967295 ses=4294967295 subj=system_u:system_r:init_t:s0 msg='unit=modprobe@dm_mod comm="systemd" exe="/usr/lib/systemd/systemd" hostname=? addr=? terminal=? res=success'
Sep 16 12:01:34 ip-172-31-47-213 systemd[1]: modprobe@efi_pstore.service: Deactivated successfully.
Sep 16 12:01:34 ip-172-31-47-213 systemd[1]: Finished modprobe@efi_pstore.service - Load Kernel Module efi_pstore.
Sep 16 12:01:34 ip-172-31-47-213 audit[1]: SERVICE_START pid=1 uid=0 auid=4294967295 ses=4294967295 subj=system_u:system_r:init_t:s0 msg='unit=modprobe@efi_pstore comm="systemd" exe="/usr/lib/systemd/systemd" hostname=? addr=? terminal=? res=success'
Sep 16 12:01:34 ip-172-31-47-213 audit[1]: SERVICE_STOP pid=1 uid=0 auid=4294967295 ses=4294967295 subj=system_u:system_r:init_t:s0 msg='unit=modprobe@efi_pstore comm="systemd" exe="/usr/lib/systemd/systemd" hostname=? addr=? terminal=? res=success'
Sep 16 12:01:34 ip-172-31-47-213 systemd[1]: modprobe@fuse.service: Deactivated successfully.
Sep 16 12:01:34 ip-172-31-47-213 systemd[1]: Finished modprobe@fuse.service - Load Kernel Module fuse.
Sep 16 12:01:34 ip-172-31-47-213 audit[1]: SERVICE_START pid=1 uid=0 auid=4294967295 ses=4294967295 subj=system_u:system_r:init_t:s0 msg='unit=modprobe@fuse comm="systemd" exe="/usr/lib/systemd/systemd" hostname=? addr=? terminal=? res=success'
Sep 16 12:01:34 ip-172-31-47-213 audit[1]: SERVICE_STOP pid=1 uid=0 auid=4294967295 ses=4294967295 subj=system_u:system_r:init_t:s0 msg='unit=modprobe@fuse comm="systemd" exe="/usr/lib/systemd/systemd" hostname=? addr=? terminal=? res=success'
Sep 16 12:01:34 ip-172-31-47-213 systemd[1]: modprobe@loop.service: Deactivated successfully.
Sep 16 12:01:34 ip-172-31-47-213 systemd[1]: Finished modprobe@loop.service - Load Kernel Module loop.
Sep 16 12:01:34 ip-172-31-47-213 audit[1]: SERVICE_START pid=1 uid=0 auid=4294967295 ses=4294967295 subj=system_u:system_r:init_t:s0 msg='unit=modprobe@loop comm="systemd" exe="/usr/lib/systemd/systemd" hostname=? addr=? terminal=? res=success'
Sep 16 12:01:34 ip-172-31-47-213 audit[1]: SERVICE_STOP pid=1 uid=0 auid=4294967295 ses=4294967295 subj=system_u:system_r:init_t:s0 msg='unit=modprobe@loop comm="systemd" exe="/usr/lib/systemd/systemd" hostname=? addr=? terminal=? res=success'
Sep 16 12:01:34 ip-172-31-47-213 systemd[1]: nfs-convert.service: Deactivated successfully.
Sep 16 12:01:34 ip-172-31-47-213 systemd[1]: Finished nfs-convert.service - Preprocess NFS configuration convertion.
Sep 16 12:01:34 ip-172-31-47-213 audit[1]: SERVICE_START pid=1 uid=0 auid=4294967295 ses=4294967295 subj=system_u:system_r:init_t:s0 msg='unit=nfs-convert comm="systemd" exe="/usr/lib/systemd/systemd" hostname=? addr=? terminal=? res=success'
Sep 16 12:01:34 ip-172-31-47-213 audit[1]: SERVICE_STOP pid=1 uid=0 auid=4294967295 ses=4294967295 subj=system_u:system_r:init_t:s0 msg='unit=nfs-convert comm="systemd" exe="/usr/lib/systemd/systemd" hostname=? addr=? terminal=? res=success'
Sep 16 12:01:34 ip-172-31-47-213 systemd[1]: Finished systemd-fsck-root.service - File System Check on Root Device.
Sep 16 12:01:34 ip-172-31-47-213 audit[1]: SERVICE_START pid=1 uid=0 auid=4294967295 ses=4294967295 subj=system_u:system_r:init_t:s0 msg='unit=systemd-fsck-root comm="systemd" exe="/usr/lib/systemd/systemd" hostname=? addr=? terminal=? res=success'
Sep 16 12:01:34 ip-172-31-47-213 systemd[1]: Finished systemd-network-generator.service - Generate network units from Kernel command line.
Sep 16 12:01:34 ip-172-31-47-213 audit[1]: SERVICE_START pid=1 uid=0 auid=4294967295 ses=4294967295 subj=system_u:system_r:init_t:s0 msg='unit=systemd-network-generator comm="systemd" exe="/usr/lib/systemd/systemd" hostname=? addr=? terminal=? res=success'
Sep 16 12:01:35 ip-172-31-47-213 systemd[1]: Finished systemd-sysctl.service - Apply Kernel Variables.
Sep 16 12:01:35 ip-172-31-47-213 audit[1]: SERVICE_START pid=1 uid=0 auid=4294967295 ses=4294967295 subj=system_u:system_r:init_t:s0 msg='unit=systemd-sysctl comm="systemd" exe="/usr/lib/systemd/systemd" hostname=? addr=? terminal=? res=success'
Sep 16 12:01:35 ip-172-31-47-213 systemd[1]: Finished systemd-udev-trigger.service - Coldplug All udev Devices.
Sep 16 12:01:35 ip-172-31-47-213 audit[1]: SERVICE_START pid=1 uid=0 auid=4294967295 ses=4294967295 subj=system_u:system_r:init_t:s0 msg='unit=systemd-udev-trigger comm="systemd" exe="/usr/lib/systemd/systemd" hostname=? addr=? terminal=? res=success'
Sep 16 12:01:35 ip-172-31-47-213 systemd[1]: Mounting sys-fs-fuse-connections.mount - FUSE Control File System...
Sep 16 12:01:35 ip-172-31-47-213 systemd[1]: Mounting sys-kernel-config.mount - Kernel Configuration File System...
Sep 16 12:01:35 ip-172-31-47-213 systemd[1]: Starting systemd-remount-fs.service - Remount Root and Kernel File Systems...
Sep 16 12:01:35 ip-172-31-47-213 systemd[1]: systemd-repart.service - Repartition Root Disk was skipped because no trigger condition checks were met.
Sep 16 12:01:35 ip-172-31-47-213 systemd[1]: Mounted sys-fs-fuse-connections.mount - FUSE Control File System.
Sep 16 12:01:35 ip-172-31-47-213 systemd[1]: Mounted sys-kernel-config.mount - Kernel Configuration File System.
Sep 16 12:01:35 ip-172-31-47-213 systemd[1]: Finished systemd-remount-fs.service - Remount Root and Kernel File Systems.
Sep 16 12:01:35 ip-172-31-47-213 audit[1]: SERVICE_START pid=1 uid=0 auid=4294967295 ses=4294967295 subj=system_u:system_r:init_t:s0 msg='unit=systemd-remount-fs comm="systemd" exe="/usr/lib/systemd/systemd" hostname=? addr=? terminal=? res=success'
Sep 16 12:01:35 ip-172-31-47-213 systemd[1]: systemd-firstboot.service - First Boot Wizard was skipped because of an unmet condition check (ConditionFirstBoot=yes).
Sep 16 12:01:35 ip-172-31-47-213 systemd[1]: systemd-hwdb-update.service - Rebuild Hardware Database was skipped because of an unmet condition check (ConditionNeedsUpdate=/etc).
Sep 16 12:01:35 ip-172-31-47-213 systemd[1]: Starting systemd-journal-flush.service - Flush Journal to Persistent Storage...
Sep 16 12:01:35 ip-172-31-47-213 systemd[1]: systemd-pstore.service - Platform Persistent Storage Archival was skipped because of an unmet condition check (ConditionDirectoryNotEmpty=/sys/fs/pstore).
Sep 16 12:01:35 ip-172-31-47-213 systemd[1]: Starting systemd-random-seed.service - Load/Save Random Seed...
Sep 16 12:01:35 ip-172-31-47-213 systemd[1]: systemd-sysusers.service - Create System Users was skipped because no trigger condition checks were met.
Sep 16 12:01:35 ip-172-31-47-213 systemd[1]: Starting systemd-tmpfiles-setup-dev.service - Create Static Device Nodes in /dev...
Sep 16 12:01:35 ip-172-31-47-213 systemd-journald[828]: Runtime Journal (/run/log/journal/ec28293e8d31ae5bc46e2de918948100) is 2.2M, max 18.0M, 15.8M free.
Sep 16 12:01:35 ip-172-31-47-213 systemd-journald[828]: Received client request to flush runtime journal.
Sep 16 12:01:35 ip-172-31-47-213 systemd[1]: Finished systemd-journal-flush.service - Flush Journal to Persistent Storage.
Sep 16 12:01:35 ip-172-31-47-213 audit[1]: SERVICE_START pid=1 uid=0 auid=4294967295 ses=4294967295 subj=system_u:system_r:init_t:s0 msg='unit=systemd-journal-flush comm="systemd" exe="/usr/lib/systemd/systemd" hostname=? addr=? terminal=? res=success'
Sep 16 12:01:35 ip-172-31-47-213 systemd[1]: Finished systemd-random-seed.service - Load/Save Random Seed.
Sep 16 12:01:35 ip-172-31-47-213 audit[1]: SERVICE_START pid=1 uid=0 auid=4294967295 ses=4294967295 subj=system_u:system_r:init_t:s0 msg='unit=systemd-random-seed comm="systemd" exe="/usr/lib/systemd/systemd" hostname=? addr=? terminal=? res=success'
Sep 16 12:01:35 ip-172-31-47-213 systemd[1]: Finished systemd-tmpfiles-setup-dev.service - Create Static Device Nodes in /dev.
Sep 16 12:01:35 ip-172-31-47-213 audit[1]: SERVICE_START pid=1 uid=0 auid=4294967295 ses=4294967295 subj=system_u:system_r:init_t:s0 msg='unit=systemd-tmpfiles-setup-dev comm="systemd" exe="/usr/lib/systemd/systemd" hostname=? addr=? terminal=? res=success'
Sep 16 12:01:35 ip-172-31-47-213 systemd[1]: first-boot-complete.target - First Boot Complete was skipped because of an unmet condition check (ConditionFirstBoot=yes).
Sep 16 12:01:35 ip-172-31-47-213 systemd[1]: Reached target local-fs-pre.target - Preparation for Local File Systems.
Sep 16 12:01:35 ip-172-31-47-213 systemd[1]: Set up automount boot-efi.automount.
Sep 16 12:01:35 ip-172-31-47-213 systemd[1]: Reached target local-fs.target - Local File Systems.
Sep 16 12:01:35 ip-172-31-47-213 systemd[1]: import-state.service - Import network configuration from initramfs was skipped because of an unmet condition check (ConditionDirectoryNotEmpty=/run/initramfs/state).
Sep 16 12:01:35 ip-172-31-47-213 systemd[1]: ldconfig.service - Rebuild Dynamic Linker Cache was skipped because no trigger condition checks were met.
Sep 16 12:01:35 ip-172-31-47-213 systemd[1]: selinux-autorelabel-mark.service - Mark the need to relabel after reboot was skipped because of an unmet condition check (ConditionSecurity=!selinux).
Sep 16 12:01:35 ip-172-31-47-213 systemd[1]: systemd-binfmt.service - Set Up Additional Binary Formats was skipped because no trigger condition checks were met.
Sep 16 12:01:35 ip-172-31-47-213 systemd[1]: systemd-boot-system-token.service - Store a System Token in an EFI Variable was skipped because of an unmet condition check (ConditionPathExists=/sys/firmware/efi/efivars/LoaderFeatures-4a67b082-0a4c-41cf-b6c7-440b29bb8c4f).
Sep 16 12:01:35 ip-172-31-47-213 systemd[1]: Starting systemd-boot-update.service - Automatic Boot Loader Update...
Sep 16 12:01:35 ip-172-31-47-213 systemd[1]: systemd-machine-id-commit.service - Commit a transient machine-id on disk was skipped because of an unmet condition check (ConditionPathIsMountPoint=/etc/machine-id).
Sep 16 12:01:35 ip-172-31-47-213 systemd[1]: Starting systemd-tmpfiles-setup.service - Create Volatile Files and Directories...
Sep 16 12:01:35 ip-172-31-47-213 audit: BPF prog-id=34 op=LOAD
Sep 16 12:01:35 ip-172-31-47-213 audit: BPF prog-id=35 op=LOAD
Sep 16 12:01:35 ip-172-31-47-213 audit: BPF prog-id=6 op=UNLOAD
Sep 16 12:01:35 ip-172-31-47-213 audit: BPF prog-id=7 op=UNLOAD
Sep 16 12:01:35 ip-172-31-47-213 systemd[1]: Starting systemd-udevd.service - Rule-based Manager for Device Events and Files...
Sep 16 12:01:35 ip-172-31-47-213 systemd[1]: boot-efi.automount: Got automount request for /boot/efi, triggered by 1234 (bootctl)
Sep 16 12:01:35 ip-172-31-47-213 systemd[1]: Created slice system-systemd\x2dfsck.slice - Slice /system/systemd-fsck.
Sep 16 12:01:35 ip-172-31-47-213 systemd[1]: Expecting device dev-disk-by\x2duuid-E565\x2d8542.device - /dev/disk/by-uuid/E565-8542...
Sep 16 12:01:35 ip-172-31-47-213 systemd-udevd[1236]: Using default interface naming scheme 'v252'.
Sep 16 12:01:35 ip-172-31-47-213 audit[1]: SERVICE_START pid=1 uid=0 auid=4294967295 ses=4294967295 subj=system_u:system_r:init_t:s0 msg='unit=systemd-udevd comm="systemd" exe="/usr/lib/systemd/systemd" hostname=? addr=? terminal=? res=success'
Sep 16 12:01:35 ip-172-31-47-213 systemd[1]: Started systemd-udevd.service - Rule-based Manager for Device Events and Files.
Sep 16 12:01:35 ip-172-31-47-213 audit[1]: SERVICE_START pid=1 uid=0 auid=4294967295 ses=4294967295 subj=system_u:system_r:init_t:s0 msg='unit=systemd-tmpfiles-setup comm="systemd" exe="/usr/lib/systemd/systemd" hostname=? addr=? terminal=? res=success'
Sep 16 12:01:35 ip-172-31-47-213 systemd[1]: Finished systemd-tmpfiles-setup.service - Create Volatile Files and Directories.
Sep 16 12:01:35 ip-172-31-47-213 systemd[1]: Condition check resulted in dev-ttyS0.device - /dev/ttyS0 being skipped.
Sep 16 12:01:35 ip-172-31-47-213 audit: BPF prog-id=36 op=LOAD
Sep 16 12:01:35 ip-172-31-47-213 systemd[1]: Starting auditd.service - Security Auditing Service...
Sep 16 12:01:35 ip-172-31-47-213 systemd[1]: systemd-journal-catalog-update.service - Rebuild Journal Catalog was skipped because of an unmet condition check (ConditionNeedsUpdate=/var).
Sep 16 12:01:35 ip-172-31-47-213 systemd[1]: Starting systemd-resolved.service - Network Name Resolution...
Sep 16 12:01:35 ip-172-31-47-213 audit[1264]: AVC avc:  denied  { setattr } for  pid=1264 comm="auditd" name="audit" dev="nvme0n1p1" ino=8519820 scontext=system_u:system_r:auditd_t:s0 tcontext=system_u:object_r:var_log_t:s0 tclass=dir permissive=1
Sep 16 12:01:35 ip-172-31-47-213 audit[1264]: SYSCALL arch=c000003e syscall=90 success=yes exit=0 a0=55825aca6990 a1=1c0 a2=55825aca699e a3=1a4 items=0 ppid=1257 pid=1264 auid=4294967295 uid=0 gid=0 euid=0 suid=0 fsuid=0 egid=0 sgid=0 fsgid=0 tty=(none) ses=4294967295 comm="auditd" exe="/usr/sbin/auditd" subj=system_u:system_r:auditd_t:s0 key=(null)
Sep 16 12:01:35 ip-172-31-47-213 audit: PROCTITLE proctitle="/sbin/auditd"
Sep 16 12:01:35 ip-172-31-47-213 audit[1264]: AVC avc:  denied  { create } for  pid=1264 comm="auditd" name="audit.log" scontext=system_u:system_r:auditd_t:s0 tcontext=system_u:object_r:var_log_t:s0 tclass=file permissive=1
Sep 16 12:01:35 ip-172-31-47-213 audit[1264]: AVC avc:  denied  { read open } for  pid=1264 comm="auditd" path="/var/log/audit/audit.log" dev="nvme0n1p1" ino=8535108 scontext=system_u:system_r:auditd_t:s0 tcontext=system_u:object_r:var_log_t:s0 tclass=file permissive=1
Sep 16 12:01:35 ip-172-31-47-213 audit[1264]: SYSCALL arch=c000003e syscall=257 success=yes exit=5 a0=ffffff9c a1=55825aca6900 a2=4c0 a3=1a0 items=4 ppid=1257 pid=1264 auid=4294967295 uid=0 gid=0 euid=0 suid=0 fsuid=0 egid=0 sgid=0 fsgid=0 tty=(none) ses=4294967295 comm="auditd" exe="/usr/sbin/auditd" subj=system_u:system_r:auditd_t:s0 key=(null)
Sep 16 12:01:35 ip-172-31-47-213 audit: CWD cwd="/"
Sep 16 12:01:35 ip-172-31-47-213 audit: PATH item=0 name=(null) inode=8519820 dev=103:01 mode=040700 ouid=0 ogid=0 rdev=00:00 obj=system_u:object_r:var_log_t:s0 nametype=PARENT cap_fp=0 cap_fi=0 cap_fe=0 cap_fver=0 cap_frootid=0
Sep 16 12:01:35 ip-172-31-47-213 audit: PATH item=1 name=(null) nametype=CREATE cap_fp=0 cap_fi=0 cap_fe=0 cap_fver=0 cap_frootid=0
Sep 16 12:01:35 ip-172-31-47-213 audit: PATH item=2 name=(null) inode=8519820 dev=103:01 mode=040700 ouid=0 ogid=0 rdev=00:00 obj=system_u:object_r:var_log_t:s0 nametype=PARENT cap_fp=0 cap_fi=0 cap_fe=0 cap_fver=0 cap_frootid=0
Sep 16 12:01:35 ip-172-31-47-213 audit: PATH item=3 name=(null) inode=8535108 dev=103:01 mode=0100640 ouid=0 ogid=0 rdev=00:00 obj=system_u:object_r:var_log_t:s0 nametype=CREATE cap_fp=0 cap_fi=0 cap_fe=0 cap_fver=0 cap_frootid=0
Sep 16 12:01:35 ip-172-31-47-213 audit: PROCTITLE proctitle="/sbin/auditd"
Sep 16 12:01:35 ip-172-31-47-213 audit[1264]: AVC avc:  denied  { setattr } for  pid=1264 comm="auditd" name="audit.log" dev="nvme0n1p1" ino=8535108 scontext=system_u:system_r:auditd_t:s0 tcontext=system_u:object_r:var_log_t:s0 tclass=file permissive=1
Sep 16 12:01:35 ip-172-31-47-213 audit[1264]: SYSCALL arch=c000003e syscall=91 success=yes exit=0 a0=5 a1=180 a2=0 a3=0 items=0 ppid=1257 pid=1264 auid=4294967295 uid=0 gid=0 euid=0 suid=0 fsuid=0 egid=0 sgid=0 fsgid=0 tty=(none) ses=4294967295 comm="auditd" exe="/usr/sbin/auditd" subj=system_u:system_r:auditd_t:s0 key=(null)
Sep 16 12:01:35 ip-172-31-47-213 audit: PROCTITLE proctitle="/sbin/auditd"
Sep 16 12:01:35 ip-172-31-47-213 auditd[1264]: No plugins found, not dispatching events
Sep 16 12:01:35 ip-172-31-47-213 audit: CONFIG_CHANGE op=set audit_enabled=1 old=1 auid=4294967295 ses=4294967295 subj=system_u:system_r:auditd_t:s0 res=1
Sep 16 12:01:35 ip-172-31-47-213 audit[1264]: SYSCALL arch=c000003e syscall=44 success=yes exit=60 a0=3 a1=7fffd20e3450 a2=3c a3=0 items=0 ppid=1257 pid=1264 auid=4294967295 uid=0 gid=0 euid=0 suid=0 fsuid=0 egid=0 sgid=0 fsgid=0 tty=(none) ses=4294967295 comm="auditd" exe="/usr/sbin/auditd" subj=system_u:system_r:auditd_t:s0 key=(null)
Sep 16 12:01:35 ip-172-31-47-213 audit: PROCTITLE proctitle="/sbin/auditd"
Sep 16 12:01:35 ip-172-31-47-213 audit: CONFIG_CHANGE op=set audit_pid=1264 old=0 auid=4294967295 ses=4294967295 subj=system_u:system_r:auditd_t:s0 res=1
Sep 16 12:01:35 ip-172-31-47-213 audit[1264]: SYSCALL arch=c000003e syscall=44 success=yes exit=60 a0=3 a1=7fffd20e1100 a2=3c a3=0 items=0 ppid=1257 pid=1264 auid=4294967295 uid=0 gid=0 euid=0 suid=0 fsuid=0 egid=0 sgid=0 fsgid=0 tty=(none) ses=4294967295 comm="auditd" exe="/usr/sbin/auditd" subj=system_u:system_r:auditd_t:s0 key=(null)
Sep 16 12:01:35 ip-172-31-47-213 audit: PROCTITLE proctitle="/sbin/auditd"
Sep 16 12:01:35 ip-172-31-47-213 auditd[1264]: Init complete, auditd 3.0.6 listening for events (startup state enable)
Sep 16 12:01:35 ip-172-31-47-213 kernel: input: Power Button as /devices/LNXSYSTM:00/LNXPWRBN:00/input/input0
Sep 16 12:01:35 ip-172-31-47-213 systemd-resolved[1258]: Positive Trust Anchors:
Sep 16 12:01:35 ip-172-31-47-213 systemd-resolved[1258]: . IN DS 20326 8 2 e06d44b80b8f1d39a95c0b0d7c65d08458e880409bbc683457104237c7f8ec8d
Sep 16 12:01:35 ip-172-31-47-213 systemd-resolved[1258]: Negative trust anchors: home.arpa 10.in-addr.arpa 16.172.in-addr.arpa 17.172.in-addr.arpa 18.172.in-addr.arpa 19.172.in-addr.arpa 20.172.in-addr.arpa 21.172.in-addr.arpa 22.172.in-addr.arpa 23.172.in-addr.arpa 24.172.in-addr.arpa 25.172.in-addr.arpa 26.172.in-addr.arpa 27.172.in-addr.arpa 28.172.in-addr.arpa 29.172.in-addr.arpa 30.172.in-addr.arpa 31.172.in-addr.arpa 168.192.in-addr.arpa d.f.ip6.arpa corp home internal intranet lan local private test
Sep 16 12:01:35 ip-172-31-47-213 kernel: i8042: PNP: PS/2 Controller [PNP0303:KBD,PNP0f13:MOU] at 0x60,0x64 irq 1,12
Sep 16 12:01:35 ip-172-31-47-213 kernel: i8042: Warning: Keylock active
Sep 16 12:01:35 ip-172-31-47-213 kernel: serio: i8042 KBD port at 0x60,0x64 irq 1
Sep 16 12:01:35 ip-172-31-47-213 kernel: serio: i8042 AUX port at 0x60,0x64 irq 12
Sep 16 12:01:35 ip-172-31-47-213 augenrules[1267]: /sbin/augenrules: No change
Sep 16 12:01:35 ip-172-31-47-213 kernel: ena 0000:00:05.0: Elastic Network Adapter (ENA) v2.14.1g
Sep 16 12:01:35 ip-172-31-47-213 kernel: ena 0000:00:05.0: ENA device version: 0.10
Sep 16 12:01:35 ip-172-31-47-213 kernel: ena 0000:00:05.0: ENA controller version: 0.0.1 implementation version 1
Sep 16 12:01:35 ip-172-31-47-213 kernel: ACPI: button: Power Button [PWRF]
Sep 16 12:01:35 ip-172-31-47-213 kernel: input: Sleep Button as /devices/LNXSYSTM:00/LNXSLPBN:00/input/input1
Sep 16 12:01:35 ip-172-31-47-213 kernel: ACPI: button: Sleep Button [SLPF]
Sep 16 12:01:35 ip-172-31-47-213 kernel: ena 0000:00:05.0: LLQ is not supported Fallback to host mode policy.
Sep 16 12:01:35 ip-172-31-47-213 kernel: ena 0000:00:05.0: Elastic Network Adapter (ENA) found at mem 80400000, mac addr 0a:28:75:2e:2e:67
Sep 16 12:01:35 ip-172-31-47-213 audit: CONFIG_CHANGE auid=4294967295 ses=4294967295 subj=system_u:system_r:unconfined_service_t:s0 op=add_rule key=(null) list=1 res=1
Sep 16 12:01:35 ip-172-31-47-213 audit[1303]: SYSCALL arch=c000003e syscall=44 success=yes exit=1056 a0=3 a1=7fffc7051330 a2=420 a3=0 items=0 ppid=1267 pid=1303 auid=4294967295 uid=0 gid=0 euid=0 suid=0 fsuid=0 egid=0 sgid=0 fsgid=0 tty=(none) ses=4294967295 comm="auditctl" exe="/usr/sbin/auditctl" subj=system_u:system_r:unconfined_service_t:s0 key=(null)
Sep 16 12:01:35 ip-172-31-47-213 audit: PROCTITLE proctitle=2F7362696E2F617564697463746C002D52002F6574632F61756469742F61756469742E72756C6573
Sep 16 12:01:35 ip-172-31-47-213 audit[1]: SERVICE_START pid=1 uid=0 auid=4294967295 ses=4294967295 subj=system_u:system_r:init_t:s0 msg='unit=auditd comm="systemd" exe="/usr/lib/systemd/systemd" hostname=? addr=? terminal=? res=success'
Sep 16 12:01:35 ip-172-31-47-213 audit[1307]: SYSTEM_BOOT pid=1307 uid=0 auid=4294967295 ses=4294967295 subj=system_u:system_r:init_t:s0 msg=' comm="systemd-update-utmp" exe="/usr/lib/systemd/systemd-update-utmp" hostname=? addr=? terminal=? res=success'
Sep 16 12:01:35 ip-172-31-47-213 audit[1]: SERVICE_START pid=1 uid=0 auid=4294967295 ses=4294967295 subj=system_u:system_r:init_t:s0 msg='unit=systemd-update-utmp comm="systemd" exe="/usr/lib/systemd/systemd" hostname=? addr=? terminal=? res=success'
Sep 16 12:01:35 ip-172-31-47-213 audit[1]: SERVICE_START pid=1 uid=0 auid=4294967295 ses=4294967295 subj=system_u:system_r:init_t:s0 msg='unit=systemd-resolved comm="systemd" exe="/usr/lib/systemd/systemd" hostname=? addr=? terminal=? res=success'
Sep 16 12:01:35 ip-172-31-47-213 augenrules[1303]: No rules
Sep 16 12:01:35 ip-172-31-47-213 systemd[1]: Started auditd.service - Security Auditing Service.
Sep 16 12:01:35 ip-172-31-47-213 systemd[1]: Starting systemd-update-utmp.service - Record System Boot/Shutdown in UTMP...
Sep 16 12:01:35 ip-172-31-47-213 systemd[1]: Mounting var-lib-nfs-rpc_pipefs.mount - RPC Pipe File System...
Sep 16 12:01:35 ip-172-31-47-213 systemd-resolved[1258]: Using system hostname 'ip-172-31-47-213.ap-southeast-1.compute.internal'.
Sep 16 12:01:35 ip-172-31-47-213 systemd[1]: Finished systemd-update-utmp.service - Record System Boot/Shutdown in UTMP.
Sep 16 12:01:35 ip-172-31-47-213 systemd[1]: Started systemd-resolved.service - Network Name Resolution.
Sep 16 12:01:35 ip-172-31-47-213 systemd[1]: Reached target nss-lookup.target - Host and Network Name Lookups.
Sep 16 12:01:35 ip-172-31-47-213 systemd[1]: Mounted var-lib-nfs-rpc_pipefs.mount - RPC Pipe File System.
Sep 16 12:01:35 ip-172-31-47-213 systemd[1]: Reached target rpc_pipefs.target.
Sep 16 12:01:35 ip-172-31-47-213 kernel: RPC: Registered named UNIX socket transport module.
Sep 16 12:01:35 ip-172-31-47-213 kernel: RPC: Registered udp transport module.
Sep 16 12:01:35 ip-172-31-47-213 kernel: RPC: Registered tcp transport module.
Sep 16 12:01:35 ip-172-31-47-213 kernel: RPC: Registered tcp NFSv4.1 backchannel transport module.
Sep 16 12:01:35 ip-172-31-47-213 kernel: ena 0000:00:05.0 ens5: renamed from eth0
Sep 16 12:01:35 ip-172-31-47-213 systemd[1]: Reloading.
Sep 16 12:01:36 ip-172-31-47-213 zram_generator::config[1365]: zram0: system has too much memory (904MB), limit is 800MB, ignoring.
Sep 16 12:01:36 ip-172-31-47-213 systemd[1]: /usr/lib/systemd/system/acpid.socket:6: ListenStream= references a path below legacy directory /var/run/, updating /var/run/acpid.socket  /run/acpid.socket; please update the unit file accordingly.
Sep 16 12:01:36 ip-172-31-47-213 systemd[1]: Condition check resulted in dev-disk-by\x2duuid-E565\x2d8542.device - Amazon Elastic Block Store EFI\x20System\x20Partition being skipped.
Sep 16 12:01:36 ip-172-31-47-213 audit: BPF prog-id=37 op=LOAD
Sep 16 12:01:36 ip-172-31-47-213 audit: BPF prog-id=38 op=LOAD
Sep 16 12:01:36 ip-172-31-47-213 audit: BPF prog-id=34 op=UNLOAD
Sep 16 12:01:36 ip-172-31-47-213 audit: BPF prog-id=35 op=UNLOAD
Sep 16 12:01:36 ip-172-31-47-213 audit: BPF prog-id=39 op=LOAD
Sep 16 12:01:36 ip-172-31-47-213 audit: BPF prog-id=31 op=UNLOAD
Sep 16 12:01:36 ip-172-31-47-213 audit: BPF prog-id=40 op=LOAD
